src/app/[locale]/blogs/page-client-example.tsx(22,32): error TS2339: Property 'data' does not exist on type 'Blog[]'.
src/app/[locale]/blogs/page-client-example.tsx(74,35): error TS2339: Property 'last_page' does not exist on type 'Blog[]'.
src/app/[locale]/blogs/page-client-example.tsx(77,27): error TS2339: Property 'current_page' does not exist on type 'Blog[]'.
src/app/[locale]/blogs/page-client-example.tsx(79,53): error TS2339: Property 'current_page' does not exist on type 'Blog[]'.
src/app/[locale]/blogs/page-client-example.tsx(87,34): error TS2339: Property 'current_page' does not exist on type 'Blog[]'.
src/app/[locale]/blogs/page-client-example.tsx(87,63): error TS2339: Property 'last_page' does not exist on type 'Blog[]'.
src/app/[locale]/blogs/page-client-example.tsx(90,27): error TS2339: Property 'current_page' does not exist on type 'Blog[]'.
src/app/[locale]/blogs/page-client-example.tsx(90,53): error TS2339: Property 'last_page' does not exist on type 'Blog[]'.
src/app/[locale]/blogs/page-client-example.tsx(92,53): error TS2339: Property 'current_page' does not exist on type 'Blog[]'.
src/app/[locale]/featuredusers/page.tsx(86,37): error TS2322: Type '{ item: FeaturedUser; }' is not assignable to type 'IntrinsicAttributes & FeaturedUserCardProps'.
  Property 'item' does not exist on type 'IntrinsicAttributes & FeaturedUserCardProps'.
src/app/[locale]/packages/page.tsx(31,19): error TS2339: Property 'features' does not exist on type 'Package'.
src/components/estates/estates-grid.tsx(28,11): error TS2339: Property 'currentPage' does not exist on type '{}'.
src/components/estates/estates-grid.tsx(28,28): error TS2339: Property 'lastPage' does not exist on type '{}'.
src/components/requests/add-request-form.tsx(286,18): error TS2741: Property 'className' is missing in type '{ onChange: (...event: any[]) => void; onBlur: Noop; value: string; disabled?: boolean; name: "description"; ref: RefCallBack; placeholder: string; rows: number; }' but required in type '{ [x: string]: any; className: any; }'.
src/components/shared/complaints-form.tsx(56,7): error TS2769: No overload matches this call.
  Overload 1 of 2, '(params?: string | { error?: string | $ZodErrorMap<$ZodIssueInvalidType<unknown>>; message?: string; }): ZodString', gave the following error.
    Object literal may only specify known properties, and 'required_error' does not exist in type '{ error?: string | $ZodErrorMap<$ZodIssueInvalidType<unknown>>; message?: string; }'.
  Overload 2 of 2, '(params?: string | { error?: string | $ZodErrorMap<$ZodIssueInvalidType<unknown>>; message?: string; }): $ZodType<string, string, $ZodTypeInternals<string, string>>', gave the following error.
    Object literal may only specify known properties, and 'required_error' does not exist in type '{ error?: string | $ZodErrorMap<$ZodIssueInvalidType<unknown>>; message?: string; }'.
src/components/shared/complaints-form.tsx(169,21): error TS2322: Type '{ defaultCountry: "sa"; withFlagShown: true; withFullNumber: true; inputClassName: string; containerClassName: string; inputComponent: ForwardRefExoticComponent<InputProps & RefAttributes<HTMLInputElement>>; ... 5 more ...; ref: RefCallBack; }' is not assignable to type 'IntrinsicAttributes & PhoneInputProps & RefAttributes<HTMLInputElement & { setCountry: (countryIso2: CountryIso2, options?: { ...; }) => void; state: { ...; }; }>'.
  Property 'withFlagShown' does not exist on type 'IntrinsicAttributes & PhoneInputProps & RefAttributes<HTMLInputElement & { setCountry: (countryIso2: CountryIso2, options?: { ...; }) => void; state: { ...; }; }>'.
src/components/shared/custom-breadcrumbs.tsx(15,6): error TS2322: Type '{ children: Element; className: string; }' is not assignable to type 'IntrinsicAttributes & RefAttributes<unknown>'.
  Property 'children' does not exist on type 'IntrinsicAttributes & RefAttributes<unknown>'.
src/components/shared/custom-breadcrumbs.tsx(16,8): error TS2322: Type '{ children: (Element | Element[])[]; className: string; }' is not assignable to type 'IntrinsicAttributes & RefAttributes<unknown>'.
  Property 'children' does not exist on type 'IntrinsicAttributes & RefAttributes<unknown>'.
src/components/shared/custom-breadcrumbs.tsx(18,10): error TS2559: Type '{ children: Element; }' has no properties in common with type 'IntrinsicAttributes & RefAttributes<unknown>'.
src/components/shared/custom-breadcrumbs.tsx(19,12): error TS2322: Type '{ children: Element; asChild: true; }' is not assignable to type 'IntrinsicAttributes & RefAttributes<unknown>'.
  Property 'children' does not exist on type 'IntrinsicAttributes & RefAttributes<unknown>'.
src/components/shared/custom-breadcrumbs.tsx(36,16): error TS2739: Type '{}' is missing the following properties from type '{ [x: string]: any; children: any; className: any; }': children, className
src/components/shared/custom-breadcrumbs.tsx(38,16): error TS2559: Type '{ children: Element; }' has no properties in common with type 'IntrinsicAttributes & RefAttributes<unknown>'.
src/components/shared/custom-breadcrumbs.tsx(40,20): error TS2322: Type '{ children: Element; asChild: true; }' is not assignable to type 'IntrinsicAttributes & RefAttributes<unknown>'.
  Property 'children' does not exist on type 'IntrinsicAttributes & RefAttributes<unknown>'.
src/components/shared/custom-breadcrumbs.tsx(49,20): error TS2322: Type '{ children: any; className: string; }' is not assignable to type 'IntrinsicAttributes & RefAttributes<unknown>'.
  Property 'children' does not exist on type 'IntrinsicAttributes & RefAttributes<unknown>'.
src/components/ui/badge.tsx(41,37): error TS2322: Type 'string' is not assignable to type '"link" | "outline" | "default" | "secondary" | "destructive" | "ghost"'.
src/components/ui/breadcrumb.tsx(8,8): error TS2322: Type 'ForwardedRef<unknown>' is not assignable to type 'Ref<HTMLElement>'.
  Type 'RefObject<unknown>' is not assignable to type 'Ref<HTMLElement>'.
    Type 'RefObject<unknown>' is not assignable to type 'RefObject<HTMLElement>'.
      Type '{}' is missing the following properties from type 'HTMLElement': accessKey, accessKeyLabel, autocapitalize, autocorrect, and 314 more.
src/components/ui/breadcrumb.tsx(12,44): error TS2339: Property 'className' does not exist on type '{}'.
src/components/ui/breadcrumb.tsx(14,5): error TS2322: Type 'ForwardedRef<unknown>' is not assignable to type 'Ref<HTMLOListElement>'.
  Type 'RefObject<unknown>' is not assignable to type 'Ref<HTMLOListElement>'.
    Type 'RefObject<unknown>' is not assignable to type 'RefObject<HTMLOListElement>'.
      Type '{}' is missing the following properties from type 'HTMLOListElement': compact, reversed, start, type, and 318 more.
src/components/ui/breadcrumb.tsx(24,44): error TS2339: Property 'className' does not exist on type '{}'.
src/components/ui/breadcrumb.tsx(26,5): error TS2322: Type 'ForwardedRef<unknown>' is not assignable to type 'Ref<HTMLLIElement>'.
  Type 'RefObject<unknown>' is not assignable to type 'Ref<HTMLLIElement>'.
    Type 'RefObject<unknown>' is not assignable to type 'RefObject<HTMLLIElement>'.
      Type '{}' is missing the following properties from type 'HTMLLIElement': type, value, addEventListener, removeEventListener, and 316 more.
src/components/ui/breadcrumb.tsx(33,44): error TS2339: Property 'asChild' does not exist on type '{}'.
src/components/ui/breadcrumb.tsx(33,53): error TS2339: Property 'className' does not exist on type '{}'.
src/components/ui/breadcrumb.tsx(38,7): error TS2322: Type 'ForwardedRef<unknown>' is not assignable to type 'Ref<HTMLAnchorElement>'.
  Type 'RefObject<unknown>' is not assignable to type 'Ref<HTMLAnchorElement>'.
    Type 'RefObject<unknown>' is not assignable to type 'RefObject<HTMLAnchorElement>'.
      Type '{}' is missing the following properties from type 'HTMLAnchorElement': charset, coords, download, hreflang, and 339 more.
src/components/ui/breadcrumb.tsx(46,44): error TS2339: Property 'className' does not exist on type '{}'.
src/components/ui/breadcrumb.tsx(48,5): error TS2322: Type 'ForwardedRef<unknown>' is not assignable to type 'Ref<HTMLSpanElement>'.
  Type 'RefObject<unknown>' is not assignable to type 'Ref<HTMLSpanElement>'.
    Type 'RefObject<unknown>' is not assignable to type 'RefObject<HTMLSpanElement>'.
      Type '{}' is missing the following properties from type 'HTMLSpanElement': addEventListener, removeEventListener, accessKey, accessKeyLabel, and 314 more.
src/components/ui/hover-card.tsx(30,9): error TS2322: Type 'string' is not assignable to type '"end" | "center" | "start"'.
src/components/ui/input-otp.tsx(15,6): error TS2322: Type '{ "data-slot": string; containerClassName: string; className: string; }' is not assignable to type 'IntrinsicAttributes & (OTPInputProps & RefAttributes<HTMLInputElement>)'.
  Property 'maxLength' is missing in type '{ "data-slot": string; containerClassName: string; className: string; }' but required in type '{ value?: string; onChange?: (newValue: string) => unknown; maxLength: number; textAlign?: "center" | "left" | "right"; onComplete?: (...args: any[]) => unknown; pushPasswordManagerStrategy?: "none" | "increase-width"; pasteTransformer?: (pasted: string) => string; containerClassName?: string; noScriptCSSFallback?: ...'.
src/components/ui/radio-group.tsx(26,6): error TS2741: Property 'value' is missing in type '{ children: Element; "data-slot": string; className: string; }' but required in type 'RadioGroupItemProps'.
src/components/ui/select.tsx(62,9): error TS2322: Type 'string' is not assignable to type '"popper" | "item-aligned"'.
src/components/ui/select.tsx(93,6): error TS2741: Property 'value' is missing in type '{ children: Element[]; "data-slot": string; className: string; }' but required in type 'SelectItemProps'.
src/components/ui/separator.tsx(18,7): error TS2322: Type 'string' is not assignable to type '"horizontal" | "vertical"'.
src/components/ui/sonner.tsx(20,7): error TS2322: Type 'string' is not assignable to type '"light" | "dark" | "system"'.
src/components/ui/sonner.tsx(31,11): error TS2353: Object literal may only specify known properties, and '"--normal-bg"' does not exist in type 'Properties<string | number, string & {}>'.
src/features/favorites/types/favorite.types.ts(10,18): error TS2430: Interface 'FavoriteProperty' incorrectly extends interface 'Property'.
  Types of property 'amenities' are incompatible.
    Type 'string[]' is not assignable to type 'Amenity[]'.
      Type 'string' is not assignable to type 'Amenity'.
src/features/featured-users/components/request-property-dialog.tsx(225,14): error TS2741: Property 'className' is missing in type '{ placeholder: string; value: string; onChange: (e: any) => void; rows: number; }' but required in type '{ [x: string]: any; className: any; }'.
src/features/profile/components/dialogs/add-property-dialog.tsx(28,24): error TS2307: Cannot find module '@/components/ui/switch' or its corresponding type declarations.
src/features/profile/components/dialogs/add-property-dialog.tsx(128,5): error TS2322: Type 'Resolver<{ title: string; country_id: unknown; city_id: unknown; category_id: unknown; operation_type: "sale" | "rent"; area: unknown; rooms: unknown; bathrooms: unknown; finishing_type: "none" | "basic" | "good" | "luxury" | "super_luxury"; ... 26 more ...; marketing_option?: "none" | ... 1 more ... | "agent"; }, a...' is not assignable to type 'Resolver<{ title: string; country_id: number; city_id: number; category_id: number; operation_type: "sale" | "rent"; area: number; rooms: number; bathrooms: number; finishing_type: "none" | "basic" | "good" | "luxury" | "super_luxury"; ... 26 more ...; marketing_option?: "none" | ... 1 more ... | "agent"; }, any, { ...'.
  Types of parameters 'options' and 'options' are incompatible.
    Type 'ResolverOptions<{ title: string; country_id: number; city_id: number; category_id: number; operation_type: "sale" | "rent"; area: number; rooms: number; bathrooms: number; finishing_type: "none" | "basic" | "good" | "luxury" | "super_luxury"; ... 26 more ...; marketing_option?: "none" | ... 1 more ... | "agent"; }>' is not assignable to type 'ResolverOptions<{ title: string; country_id: unknown; city_id: unknown; category_id: unknown; operation_type: "sale" | "rent"; area: unknown; rooms: unknown; bathrooms: unknown; finishing_type: "none" | "basic" | "good" | "luxury" | "super_luxury"; ... 26 more ...; marketing_option?: "none" | ... 1 more ... | "agent...'.
      Types of property 'names' are incompatible.
        Type 'string[]' is not assignable to type '("title" | "description" | "country_id" | "city_id" | "district" | "latitude" | "longitude" | "category_id" | "operation_type" | "price_min" | "price_max" | "price_hidden" | ... 23 more ... | "marketing_option")[]'.
          Type 'string' is not assignable to type '"title" | "description" | "country_id" | "city_id" | "district" | "latitude" | "longitude" | "category_id" | "operation_type" | "price_min" | "price_max" | "price_hidden" | ... 23 more ... | "marketing_option"'.
src/features/profile/components/dialogs/add-property-dialog.tsx(244,45): error TS2345: Argument of type '(values: FormValues) => Promise<void>' is not assignable to parameter of type 'SubmitHandler<TFieldValues>'.
  Types of parameters 'values' and 'data' are incompatible.
    Type 'TFieldValues' is not assignable to type '{ title: string; country_id: number; city_id: number; category_id: number; operation_type: "sale" | "rent"; area: number; rooms: number; bathrooms: number; finishing_type: "none" | "basic" | "good" | "luxury" | "super_luxury"; ... 26 more ...; marketing_option?: "none" | ... 1 more ... | "agent"; }'.
      Type 'FieldValues' is missing the following properties from type '{ title: string; country_id: number; city_id: number; category_id: number; operation_type: "sale" | "rent"; area: number; rooms: number; bathrooms: number; finishing_type: "none" | "basic" | "good" | "luxury" | "super_luxury"; ... 26 more ...; marketing_option?: "none" | ... 1 more ... | "agent"; }': title, country_id, city_id, category_id, and 6 more.
src/features/profile/components/dialogs/add-property-dialog.tsx(271,19): error TS2322: Type 'Control<{ title: string; country_id: number; city_id: number; category_id: number; operation_type: "sale" | "rent"; area: number; rooms: number; bathrooms: number; finishing_type: "none" | "basic" | "good" | "luxury" | "super_luxury"; ... 26 more ...; marketing_option?: "none" | ... 1 more ... | "agent"; }, any, TFi...' is not assignable to type 'Control<{ title: string; country_id: number; city_id: number; category_id: number; operation_type: "sale" | "rent"; area: number; rooms: number; bathrooms: number; finishing_type: "none" | "basic" | "good" | "luxury" | "super_luxury"; ... 26 more ...; marketing_option?: "none" | ... 1 more ... | "agent"; }, any, { ....'.
  The types returned by '_options.resolver(...)' are incompatible between these types.
    Type 'ResolverResult<{ title: string; country_id: number; city_id: number; category_id: number; operation_type: "sale" | "rent"; area: number; rooms: number; bathrooms: number; finishing_type: "none" | "basic" | "good" | "luxury" | "super_luxury"; ... 26 more ...; marketing_option?: "none" | ... 1 more ... | "agent"; }, T...' is not assignable to type 'ResolverResult<{ title: string; country_id: number; city_id: number; category_id: number; operation_type: "sale" | "rent"; area: number; rooms: number; bathrooms: number; finishing_type: "none" | "basic" | "good" | "luxury" | "super_luxury"; ... 26 more ...; marketing_option?: "none" | ... 1 more ... | "agent"; }, {...'.
      Type 'ResolverSuccess<TFieldValues>' is not assignable to type 'ResolverResult<{ title: string; country_id: number; city_id: number; category_id: number; operation_type: "sale" | "rent"; area: number; rooms: number; bathrooms: number; finishing_type: "none" | "basic" | "good" | "luxury" | "super_luxury"; ... 26 more ...; marketing_option?: "none" | ... 1 more ... | "agent"; }, {...'.
        Type 'ResolverSuccess<TFieldValues>' is not assignable to type 'ResolverSuccess<{ title: string; country_id: number; city_id: number; category_id: number; operation_type: "sale" | "rent"; area: number; rooms: number; bathrooms: number; finishing_type: "none" | "basic" | "good" | "luxury" | "super_luxury"; ... 26 more ...; marketing_option?: "none" | ... 1 more ... | "agent"; }>'.
          Type 'TFieldValues' is not assignable to type '{ title: string; country_id: number; city_id: number; category_id: number; operation_type: "sale" | "rent"; area: number; rooms: number; bathrooms: number; finishing_type: "none" | "basic" | "good" | "luxury" | "super_luxury"; ... 26 more ...; marketing_option?: "none" | ... 1 more ... | "agent"; }'.
            Type 'FieldValues' is missing the following properties from type '{ title: string; country_id: number; city_id: number; category_id: number; operation_type: "sale" | "rent"; area: number; rooms: number; bathrooms: number; finishing_type: "none" | "basic" | "good" | "luxury" | "super_luxury"; ... 26 more ...; marketing_option?: "none" | ... 1 more ... | "agent"; }': title, country_id, city_id, category_id, and 6 more.
src/features/profile/components/dialogs/add-property-dialog.tsx(293,21): error TS2322: Type 'Control<{ title: string; country_id: number; city_id: number; category_id: number; operation_type: "sale" | "rent"; area: number; rooms: number; bathrooms: number; finishing_type: "none" | "basic" | "good" | "luxury" | "super_luxury"; ... 26 more ...; marketing_option?: "none" | ... 1 more ... | "agent"; }, any, TFi...' is not assignable to type 'Control<{ title: string; country_id: number; city_id: number; category_id: number; operation_type: "sale" | "rent"; area: number; rooms: number; bathrooms: number; finishing_type: "none" | "basic" | "good" | "luxury" | "super_luxury"; ... 26 more ...; marketing_option?: "none" | ... 1 more ... | "agent"; }, any, { ....'.
  The types returned by '_options.resolver(...)' are incompatible between these types.
    Type 'ResolverResult<{ title: string; country_id: number; city_id: number; category_id: number; operation_type: "sale" | "rent"; area: number; rooms: number; bathrooms: number; finishing_type: "none" | "basic" | "good" | "luxury" | "super_luxury"; ... 26 more ...; marketing_option?: "none" | ... 1 more ... | "agent"; }, T...' is not assignable to type 'ResolverResult<{ title: string; country_id: number; city_id: number; category_id: number; operation_type: "sale" | "rent"; area: number; rooms: number; bathrooms: number; finishing_type: "none" | "basic" | "good" | "luxury" | "super_luxury"; ... 26 more ...; marketing_option?: "none" | ... 1 more ... | "agent"; }, {...'.
      Type 'ResolverSuccess<TFieldValues>' is not assignable to type 'ResolverResult<{ title: string; country_id: number; city_id: number; category_id: number; operation_type: "sale" | "rent"; area: number; rooms: number; bathrooms: number; finishing_type: "none" | "basic" | "good" | "luxury" | "super_luxury"; ... 26 more ...; marketing_option?: "none" | ... 1 more ... | "agent"; }, {...'.
        Type 'ResolverSuccess<TFieldValues>' is not assignable to type 'ResolverSuccess<{ title: string; country_id: number; city_id: number; category_id: number; operation_type: "sale" | "rent"; area: number; rooms: number; bathrooms: number; finishing_type: "none" | "basic" | "good" | "luxury" | "super_luxury"; ... 26 more ...; marketing_option?: "none" | ... 1 more ... | "agent"; }>'.
          Type 'TFieldValues' is not assignable to type '{ title: string; country_id: number; city_id: number; category_id: number; operation_type: "sale" | "rent"; area: number; rooms: number; bathrooms: number; finishing_type: "none" | "basic" | "good" | "luxury" | "super_luxury"; ... 26 more ...; marketing_option?: "none" | ... 1 more ... | "agent"; }'.
            Type 'FieldValues' is missing the following properties from type '{ title: string; country_id: number; city_id: number; category_id: number; operation_type: "sale" | "rent"; area: number; rooms: number; bathrooms: number; finishing_type: "none" | "basic" | "good" | "luxury" | "super_luxury"; ... 26 more ...; marketing_option?: "none" | ... 1 more ... | "agent"; }': title, country_id, city_id, category_id, and 6 more.
src/features/profile/components/dialogs/add-property-dialog.tsx(322,21): error TS2322: Type 'Control<{ title: string; country_id: number; city_id: number; category_id: number; operation_type: "sale" | "rent"; area: number; rooms: number; bathrooms: number; finishing_type: "none" | "basic" | "good" | "luxury" | "super_luxury"; ... 26 more ...; marketing_option?: "none" | ... 1 more ... | "agent"; }, any, TFi...' is not assignable to type 'Control<{ title: string; country_id: number; city_id: number; category_id: number; operation_type: "sale" | "rent"; area: number; rooms: number; bathrooms: number; finishing_type: "none" | "basic" | "good" | "luxury" | "super_luxury"; ... 26 more ...; marketing_option?: "none" | ... 1 more ... | "agent"; }, any, { ....'.
  The types returned by '_options.resolver(...)' are incompatible between these types.
    Type 'ResolverResult<{ title: string; country_id: number; city_id: number; category_id: number; operation_type: "sale" | "rent"; area: number; rooms: number; bathrooms: number; finishing_type: "none" | "basic" | "good" | "luxury" | "super_luxury"; ... 26 more ...; marketing_option?: "none" | ... 1 more ... | "agent"; }, T...' is not assignable to type 'ResolverResult<{ title: string; country_id: number; city_id: number; category_id: number; operation_type: "sale" | "rent"; area: number; rooms: number; bathrooms: number; finishing_type: "none" | "basic" | "good" | "luxury" | "super_luxury"; ... 26 more ...; marketing_option?: "none" | ... 1 more ... | "agent"; }, {...'.
      Type 'ResolverSuccess<TFieldValues>' is not assignable to type 'ResolverResult<{ title: string; country_id: number; city_id: number; category_id: number; operation_type: "sale" | "rent"; area: number; rooms: number; bathrooms: number; finishing_type: "none" | "basic" | "good" | "luxury" | "super_luxury"; ... 26 more ...; marketing_option?: "none" | ... 1 more ... | "agent"; }, {...'.
        Type 'ResolverSuccess<TFieldValues>' is not assignable to type 'ResolverSuccess<{ title: string; country_id: number; city_id: number; category_id: number; operation_type: "sale" | "rent"; area: number; rooms: number; bathrooms: number; finishing_type: "none" | "basic" | "good" | "luxury" | "super_luxury"; ... 26 more ...; marketing_option?: "none" | ... 1 more ... | "agent"; }>'.
          Type 'TFieldValues' is not assignable to type '{ title: string; country_id: number; city_id: number; category_id: number; operation_type: "sale" | "rent"; area: number; rooms: number; bathrooms: number; finishing_type: "none" | "basic" | "good" | "luxury" | "super_luxury"; ... 26 more ...; marketing_option?: "none" | ... 1 more ... | "agent"; }'.
            Type 'FieldValues' is missing the following properties from type '{ title: string; country_id: number; city_id: number; category_id: number; operation_type: "sale" | "rent"; area: number; rooms: number; bathrooms: number; finishing_type: "none" | "basic" | "good" | "luxury" | "super_luxury"; ... 26 more ...; marketing_option?: "none" | ... 1 more ... | "agent"; }': title, country_id, city_id, category_id, and 6 more.
src/features/profile/components/dialogs/add-property-dialog.tsx(348,19): error TS2322: Type 'Control<{ title: string; country_id: number; city_id: number; category_id: number; operation_type: "sale" | "rent"; area: number; rooms: number; bathrooms: number; finishing_type: "none" | "basic" | "good" | "luxury" | "super_luxury"; ... 26 more ...; marketing_option?: "none" | ... 1 more ... | "agent"; }, any, TFi...' is not assignable to type 'Control<{ title: string; country_id: number; city_id: number; category_id: number; operation_type: "sale" | "rent"; area: number; rooms: number; bathrooms: number; finishing_type: "none" | "basic" | "good" | "luxury" | "super_luxury"; ... 26 more ...; marketing_option?: "none" | ... 1 more ... | "agent"; }, any, { ....'.
  The types returned by '_options.resolver(...)' are incompatible between these types.
    Type 'ResolverResult<{ title: string; country_id: number; city_id: number; category_id: number; operation_type: "sale" | "rent"; area: number; rooms: number; bathrooms: number; finishing_type: "none" | "basic" | "good" | "luxury" | "super_luxury"; ... 26 more ...; marketing_option?: "none" | ... 1 more ... | "agent"; }, T...' is not assignable to type 'ResolverResult<{ title: string; country_id: number; city_id: number; category_id: number; operation_type: "sale" | "rent"; area: number; rooms: number; bathrooms: number; finishing_type: "none" | "basic" | "good" | "luxury" | "super_luxury"; ... 26 more ...; marketing_option?: "none" | ... 1 more ... | "agent"; }, {...'.
      Type 'ResolverSuccess<TFieldValues>' is not assignable to type 'ResolverResult<{ title: string; country_id: number; city_id: number; category_id: number; operation_type: "sale" | "rent"; area: number; rooms: number; bathrooms: number; finishing_type: "none" | "basic" | "good" | "luxury" | "super_luxury"; ... 26 more ...; marketing_option?: "none" | ... 1 more ... | "agent"; }, {...'.
        Type 'ResolverSuccess<TFieldValues>' is not assignable to type 'ResolverSuccess<{ title: string; country_id: number; city_id: number; category_id: number; operation_type: "sale" | "rent"; area: number; rooms: number; bathrooms: number; finishing_type: "none" | "basic" | "good" | "luxury" | "super_luxury"; ... 26 more ...; marketing_option?: "none" | ... 1 more ... | "agent"; }>'.
          Type 'TFieldValues' is not assignable to type '{ title: string; country_id: number; city_id: number; category_id: number; operation_type: "sale" | "rent"; area: number; rooms: number; bathrooms: number; finishing_type: "none" | "basic" | "good" | "luxury" | "super_luxury"; ... 26 more ...; marketing_option?: "none" | ... 1 more ... | "agent"; }'.
            Type 'FieldValues' is missing the following properties from type '{ title: string; country_id: number; city_id: number; category_id: number; operation_type: "sale" | "rent"; area: number; rooms: number; bathrooms: number; finishing_type: "none" | "basic" | "good" | "luxury" | "super_luxury"; ... 26 more ...; marketing_option?: "none" | ... 1 more ... | "agent"; }': title, country_id, city_id, category_id, and 6 more.
src/features/profile/components/dialogs/add-property-dialog.tsx(388,19): error TS2322: Type 'Control<{ title: string; country_id: number; city_id: number; category_id: number; operation_type: "sale" | "rent"; area: number; rooms: number; bathrooms: number; finishing_type: "none" | "basic" | "good" | "luxury" | "super_luxury"; ... 26 more ...; marketing_option?: "none" | ... 1 more ... | "agent"; }, any, TFi...' is not assignable to type 'Control<{ title: string; country_id: number; city_id: number; category_id: number; operation_type: "sale" | "rent"; area: number; rooms: number; bathrooms: number; finishing_type: "none" | "basic" | "good" | "luxury" | "super_luxury"; ... 26 more ...; marketing_option?: "none" | ... 1 more ... | "agent"; }, any, { ....'.
  The types returned by '_options.resolver(...)' are incompatible between these types.
    Type 'ResolverResult<{ title: string; country_id: number; city_id: number; category_id: number; operation_type: "sale" | "rent"; area: number; rooms: number; bathrooms: number; finishing_type: "none" | "basic" | "good" | "luxury" | "super_luxury"; ... 26 more ...; marketing_option?: "none" | ... 1 more ... | "agent"; }, T...' is not assignable to type 'ResolverResult<{ title: string; country_id: number; city_id: number; category_id: number; operation_type: "sale" | "rent"; area: number; rooms: number; bathrooms: number; finishing_type: "none" | "basic" | "good" | "luxury" | "super_luxury"; ... 26 more ...; marketing_option?: "none" | ... 1 more ... | "agent"; }, {...'.
      Type 'ResolverSuccess<TFieldValues>' is not assignable to type 'ResolverResult<{ title: string; country_id: number; city_id: number; category_id: number; operation_type: "sale" | "rent"; area: number; rooms: number; bathrooms: number; finishing_type: "none" | "basic" | "good" | "luxury" | "super_luxury"; ... 26 more ...; marketing_option?: "none" | ... 1 more ... | "agent"; }, {...'.
        Type 'ResolverSuccess<TFieldValues>' is not assignable to type 'ResolverSuccess<{ title: string; country_id: number; city_id: number; category_id: number; operation_type: "sale" | "rent"; area: number; rooms: number; bathrooms: number; finishing_type: "none" | "basic" | "good" | "luxury" | "super_luxury"; ... 26 more ...; marketing_option?: "none" | ... 1 more ... | "agent"; }>'.
          Type 'TFieldValues' is not assignable to type '{ title: string; country_id: number; city_id: number; category_id: number; operation_type: "sale" | "rent"; area: number; rooms: number; bathrooms: number; finishing_type: "none" | "basic" | "good" | "luxury" | "super_luxury"; ... 26 more ...; marketing_option?: "none" | ... 1 more ... | "agent"; }'.
            Type 'FieldValues' is missing the following properties from type '{ title: string; country_id: number; city_id: number; category_id: number; operation_type: "sale" | "rent"; area: number; rooms: number; bathrooms: number; finishing_type: "none" | "basic" | "good" | "luxury" | "super_luxury"; ... 26 more ...; marketing_option?: "none" | ... 1 more ... | "agent"; }': title, country_id, city_id, category_id, and 6 more.
src/features/profile/components/dialogs/add-property-dialog.tsx(396,26): error TS2741: Property 'className' is missing in type '{ onChange: (...event: any[]) => void; onBlur: Noop; value: string; disabled?: boolean; name: "description"; ref: RefCallBack; placeholder: string; rows: number; }' but required in type '{ [x: string]: any; className: any; }'.
src/features/profile/components/dialogs/add-property-dialog.tsx(425,21): error TS2322: Type 'Control<{ title: string; country_id: number; city_id: number; category_id: number; operation_type: "sale" | "rent"; area: number; rooms: number; bathrooms: number; finishing_type: "none" | "basic" | "good" | "luxury" | "super_luxury"; ... 26 more ...; marketing_option?: "none" | ... 1 more ... | "agent"; }, any, TFi...' is not assignable to type 'Control<{ title: string; country_id: number; city_id: number; category_id: number; operation_type: "sale" | "rent"; area: number; rooms: number; bathrooms: number; finishing_type: "none" | "basic" | "good" | "luxury" | "super_luxury"; ... 26 more ...; marketing_option?: "none" | ... 1 more ... | "agent"; }, any, { ....'.
  The types returned by '_options.resolver(...)' are incompatible between these types.
    Type 'ResolverResult<{ title: string; country_id: number; city_id: number; category_id: number; operation_type: "sale" | "rent"; area: number; rooms: number; bathrooms: number; finishing_type: "none" | "basic" | "good" | "luxury" | "super_luxury"; ... 26 more ...; marketing_option?: "none" | ... 1 more ... | "agent"; }, T...' is not assignable to type 'ResolverResult<{ title: string; country_id: number; city_id: number; category_id: number; operation_type: "sale" | "rent"; area: number; rooms: number; bathrooms: number; finishing_type: "none" | "basic" | "good" | "luxury" | "super_luxury"; ... 26 more ...; marketing_option?: "none" | ... 1 more ... | "agent"; }, {...'.
      Type 'ResolverSuccess<TFieldValues>' is not assignable to type 'ResolverResult<{ title: string; country_id: number; city_id: number; category_id: number; operation_type: "sale" | "rent"; area: number; rooms: number; bathrooms: number; finishing_type: "none" | "basic" | "good" | "luxury" | "super_luxury"; ... 26 more ...; marketing_option?: "none" | ... 1 more ... | "agent"; }, {...'.
        Type 'ResolverSuccess<TFieldValues>' is not assignable to type 'ResolverSuccess<{ title: string; country_id: number; city_id: number; category_id: number; operation_type: "sale" | "rent"; area: number; rooms: number; bathrooms: number; finishing_type: "none" | "basic" | "good" | "luxury" | "super_luxury"; ... 26 more ...; marketing_option?: "none" | ... 1 more ... | "agent"; }>'.
          Type 'TFieldValues' is not assignable to type '{ title: string; country_id: number; city_id: number; category_id: number; operation_type: "sale" | "rent"; area: number; rooms: number; bathrooms: number; finishing_type: "none" | "basic" | "good" | "luxury" | "super_luxury"; ... 26 more ...; marketing_option?: "none" | ... 1 more ... | "agent"; }'.
            Type 'FieldValues' is missing the following properties from type '{ title: string; country_id: number; city_id: number; category_id: number; operation_type: "sale" | "rent"; area: number; rooms: number; bathrooms: number; finishing_type: "none" | "basic" | "good" | "luxury" | "super_luxury"; ... 26 more ...; marketing_option?: "none" | ... 1 more ... | "agent"; }': title, country_id, city_id, category_id, and 6 more.
src/features/profile/components/dialogs/add-property-dialog.tsx(460,21): error TS2322: Type 'Control<{ title: string; country_id: number; city_id: number; category_id: number; operation_type: "sale" | "rent"; area: number; rooms: number; bathrooms: number; finishing_type: "none" | "basic" | "good" | "luxury" | "super_luxury"; ... 26 more ...; marketing_option?: "none" | ... 1 more ... | "agent"; }, any, TFi...' is not assignable to type 'Control<{ title: string; country_id: number; city_id: number; category_id: number; operation_type: "sale" | "rent"; area: number; rooms: number; bathrooms: number; finishing_type: "none" | "basic" | "good" | "luxury" | "super_luxury"; ... 26 more ...; marketing_option?: "none" | ... 1 more ... | "agent"; }, any, { ....'.
  The types returned by '_options.resolver(...)' are incompatible between these types.
    Type 'ResolverResult<{ title: string; country_id: number; city_id: number; category_id: number; operation_type: "sale" | "rent"; area: number; rooms: number; bathrooms: number; finishing_type: "none" | "basic" | "good" | "luxury" | "super_luxury"; ... 26 more ...; marketing_option?: "none" | ... 1 more ... | "agent"; }, T...' is not assignable to type 'ResolverResult<{ title: string; country_id: number; city_id: number; category_id: number; operation_type: "sale" | "rent"; area: number; rooms: number; bathrooms: number; finishing_type: "none" | "basic" | "good" | "luxury" | "super_luxury"; ... 26 more ...; marketing_option?: "none" | ... 1 more ... | "agent"; }, {...'.
      Type 'ResolverSuccess<TFieldValues>' is not assignable to type 'ResolverResult<{ title: string; country_id: number; city_id: number; category_id: number; operation_type: "sale" | "rent"; area: number; rooms: number; bathrooms: number; finishing_type: "none" | "basic" | "good" | "luxury" | "super_luxury"; ... 26 more ...; marketing_option?: "none" | ... 1 more ... | "agent"; }, {...'.
        Type 'ResolverSuccess<TFieldValues>' is not assignable to type 'ResolverSuccess<{ title: string; country_id: number; city_id: number; category_id: number; operation_type: "sale" | "rent"; area: number; rooms: number; bathrooms: number; finishing_type: "none" | "basic" | "good" | "luxury" | "super_luxury"; ... 26 more ...; marketing_option?: "none" | ... 1 more ... | "agent"; }>'.
          Type 'TFieldValues' is not assignable to type '{ title: string; country_id: number; city_id: number; category_id: number; operation_type: "sale" | "rent"; area: number; rooms: number; bathrooms: number; finishing_type: "none" | "basic" | "good" | "luxury" | "super_luxury"; ... 26 more ...; marketing_option?: "none" | ... 1 more ... | "agent"; }'.
            Type 'FieldValues' is missing the following properties from type '{ title: string; country_id: number; city_id: number; category_id: number; operation_type: "sale" | "rent"; area: number; rooms: number; bathrooms: number; finishing_type: "none" | "basic" | "good" | "luxury" | "super_luxury"; ... 26 more ...; marketing_option?: "none" | ... 1 more ... | "agent"; }': title, country_id, city_id, category_id, and 6 more.
src/features/profile/components/dialogs/add-property-dialog.tsx(491,21): error TS2322: Type 'Control<{ title: string; country_id: number; city_id: number; category_id: number; operation_type: "sale" | "rent"; area: number; rooms: number; bathrooms: number; finishing_type: "none" | "basic" | "good" | "luxury" | "super_luxury"; ... 26 more ...; marketing_option?: "none" | ... 1 more ... | "agent"; }, any, TFi...' is not assignable to type 'Control<{ title: string; country_id: number; city_id: number; category_id: number; operation_type: "sale" | "rent"; area: number; rooms: number; bathrooms: number; finishing_type: "none" | "basic" | "good" | "luxury" | "super_luxury"; ... 26 more ...; marketing_option?: "none" | ... 1 more ... | "agent"; }, any, { ....'.
  The types returned by '_options.resolver(...)' are incompatible between these types.
    Type 'ResolverResult<{ title: string; country_id: number; city_id: number; category_id: number; operation_type: "sale" | "rent"; area: number; rooms: number; bathrooms: number; finishing_type: "none" | "basic" | "good" | "luxury" | "super_luxury"; ... 26 more ...; marketing_option?: "none" | ... 1 more ... | "agent"; }, T...' is not assignable to type 'ResolverResult<{ title: string; country_id: number; city_id: number; category_id: number; operation_type: "sale" | "rent"; area: number; rooms: number; bathrooms: number; finishing_type: "none" | "basic" | "good" | "luxury" | "super_luxury"; ... 26 more ...; marketing_option?: "none" | ... 1 more ... | "agent"; }, {...'.
      Type 'ResolverSuccess<TFieldValues>' is not assignable to type 'ResolverResult<{ title: string; country_id: number; city_id: number; category_id: number; operation_type: "sale" | "rent"; area: number; rooms: number; bathrooms: number; finishing_type: "none" | "basic" | "good" | "luxury" | "super_luxury"; ... 26 more ...; marketing_option?: "none" | ... 1 more ... | "agent"; }, {...'.
        Type 'ResolverSuccess<TFieldValues>' is not assignable to type 'ResolverSuccess<{ title: string; country_id: number; city_id: number; category_id: number; operation_type: "sale" | "rent"; area: number; rooms: number; bathrooms: number; finishing_type: "none" | "basic" | "good" | "luxury" | "super_luxury"; ... 26 more ...; marketing_option?: "none" | ... 1 more ... | "agent"; }>'.
          Type 'TFieldValues' is not assignable to type '{ title: string; country_id: number; city_id: number; category_id: number; operation_type: "sale" | "rent"; area: number; rooms: number; bathrooms: number; finishing_type: "none" | "basic" | "good" | "luxury" | "super_luxury"; ... 26 more ...; marketing_option?: "none" | ... 1 more ... | "agent"; }'.
            Type 'FieldValues' is missing the following properties from type '{ title: string; country_id: number; city_id: number; category_id: number; operation_type: "sale" | "rent"; area: number; rooms: number; bathrooms: number; finishing_type: "none" | "basic" | "good" | "luxury" | "super_luxury"; ... 26 more ...; marketing_option?: "none" | ... 1 more ... | "agent"; }': title, country_id, city_id, category_id, and 6 more.
src/features/profile/components/dialogs/add-property-dialog.tsx(505,21): error TS2322: Type 'Control<{ title: string; country_id: number; city_id: number; category_id: number; operation_type: "sale" | "rent"; area: number; rooms: number; bathrooms: number; finishing_type: "none" | "basic" | "good" | "luxury" | "super_luxury"; ... 26 more ...; marketing_option?: "none" | ... 1 more ... | "agent"; }, any, TFi...' is not assignable to type 'Control<{ title: string; country_id: number; city_id: number; category_id: number; operation_type: "sale" | "rent"; area: number; rooms: number; bathrooms: number; finishing_type: "none" | "basic" | "good" | "luxury" | "super_luxury"; ... 26 more ...; marketing_option?: "none" | ... 1 more ... | "agent"; }, any, { ....'.
  The types returned by '_options.resolver(...)' are incompatible between these types.
    Type 'ResolverResult<{ title: string; country_id: number; city_id: number; category_id: number; operation_type: "sale" | "rent"; area: number; rooms: number; bathrooms: number; finishing_type: "none" | "basic" | "good" | "luxury" | "super_luxury"; ... 26 more ...; marketing_option?: "none" | ... 1 more ... | "agent"; }, T...' is not assignable to type 'ResolverResult<{ title: string; country_id: number; city_id: number; category_id: number; operation_type: "sale" | "rent"; area: number; rooms: number; bathrooms: number; finishing_type: "none" | "basic" | "good" | "luxury" | "super_luxury"; ... 26 more ...; marketing_option?: "none" | ... 1 more ... | "agent"; }, {...'.
      Type 'ResolverSuccess<TFieldValues>' is not assignable to type 'ResolverResult<{ title: string; country_id: number; city_id: number; category_id: number; operation_type: "sale" | "rent"; area: number; rooms: number; bathrooms: number; finishing_type: "none" | "basic" | "good" | "luxury" | "super_luxury"; ... 26 more ...; marketing_option?: "none" | ... 1 more ... | "agent"; }, {...'.
        Type 'ResolverSuccess<TFieldValues>' is not assignable to type 'ResolverSuccess<{ title: string; country_id: number; city_id: number; category_id: number; operation_type: "sale" | "rent"; area: number; rooms: number; bathrooms: number; finishing_type: "none" | "basic" | "good" | "luxury" | "super_luxury"; ... 26 more ...; marketing_option?: "none" | ... 1 more ... | "agent"; }>'.
          Type 'TFieldValues' is not assignable to type '{ title: string; country_id: number; city_id: number; category_id: number; operation_type: "sale" | "rent"; area: number; rooms: number; bathrooms: number; finishing_type: "none" | "basic" | "good" | "luxury" | "super_luxury"; ... 26 more ...; marketing_option?: "none" | ... 1 more ... | "agent"; }'.
            Type 'FieldValues' is missing the following properties from type '{ title: string; country_id: number; city_id: number; category_id: number; operation_type: "sale" | "rent"; area: number; rooms: number; bathrooms: number; finishing_type: "none" | "basic" | "good" | "luxury" | "super_luxury"; ... 26 more ...; marketing_option?: "none" | ... 1 more ... | "agent"; }': title, country_id, city_id, category_id, and 6 more.
src/features/profile/components/dialogs/add-property-dialog.tsx(521,21): error TS2322: Type 'Control<{ title: string; country_id: number; city_id: number; category_id: number; operation_type: "sale" | "rent"; area: number; rooms: number; bathrooms: number; finishing_type: "none" | "basic" | "good" | "luxury" | "super_luxury"; ... 26 more ...; marketing_option?: "none" | ... 1 more ... | "agent"; }, any, TFi...' is not assignable to type 'Control<{ title: string; country_id: number; city_id: number; category_id: number; operation_type: "sale" | "rent"; area: number; rooms: number; bathrooms: number; finishing_type: "none" | "basic" | "good" | "luxury" | "super_luxury"; ... 26 more ...; marketing_option?: "none" | ... 1 more ... | "agent"; }, any, { ....'.
  The types returned by '_options.resolver(...)' are incompatible between these types.
    Type 'ResolverResult<{ title: string; country_id: number; city_id: number; category_id: number; operation_type: "sale" | "rent"; area: number; rooms: number; bathrooms: number; finishing_type: "none" | "basic" | "good" | "luxury" | "super_luxury"; ... 26 more ...; marketing_option?: "none" | ... 1 more ... | "agent"; }, T...' is not assignable to type 'ResolverResult<{ title: string; country_id: number; city_id: number; category_id: number; operation_type: "sale" | "rent"; area: number; rooms: number; bathrooms: number; finishing_type: "none" | "basic" | "good" | "luxury" | "super_luxury"; ... 26 more ...; marketing_option?: "none" | ... 1 more ... | "agent"; }, {...'.
      Type 'ResolverSuccess<TFieldValues>' is not assignable to type 'ResolverResult<{ title: string; country_id: number; city_id: number; category_id: number; operation_type: "sale" | "rent"; area: number; rooms: number; bathrooms: number; finishing_type: "none" | "basic" | "good" | "luxury" | "super_luxury"; ... 26 more ...; marketing_option?: "none" | ... 1 more ... | "agent"; }, {...'.
        Type 'ResolverSuccess<TFieldValues>' is not assignable to type 'ResolverSuccess<{ title: string; country_id: number; city_id: number; category_id: number; operation_type: "sale" | "rent"; area: number; rooms: number; bathrooms: number; finishing_type: "none" | "basic" | "good" | "luxury" | "super_luxury"; ... 26 more ...; marketing_option?: "none" | ... 1 more ... | "agent"; }>'.
          Type 'TFieldValues' is not assignable to type '{ title: string; country_id: number; city_id: number; category_id: number; operation_type: "sale" | "rent"; area: number; rooms: number; bathrooms: number; finishing_type: "none" | "basic" | "good" | "luxury" | "super_luxury"; ... 26 more ...; marketing_option?: "none" | ... 1 more ... | "agent"; }'.
            Type 'FieldValues' is missing the following properties from type '{ title: string; country_id: number; city_id: number; category_id: number; operation_type: "sale" | "rent"; area: number; rooms: number; bathrooms: number; finishing_type: "none" | "basic" | "good" | "luxury" | "super_luxury"; ... 26 more ...; marketing_option?: "none" | ... 1 more ... | "agent"; }': title, country_id, city_id, category_id, and 6 more.
src/features/profile/components/dialogs/add-property-dialog.tsx(535,21): error TS2322: Type 'Control<{ title: string; country_id: number; city_id: number; category_id: number; operation_type: "sale" | "rent"; area: number; rooms: number; bathrooms: number; finishing_type: "none" | "basic" | "good" | "luxury" | "super_luxury"; ... 26 more ...; marketing_option?: "none" | ... 1 more ... | "agent"; }, any, TFi...' is not assignable to type 'Control<{ title: string; country_id: number; city_id: number; category_id: number; operation_type: "sale" | "rent"; area: number; rooms: number; bathrooms: number; finishing_type: "none" | "basic" | "good" | "luxury" | "super_luxury"; ... 26 more ...; marketing_option?: "none" | ... 1 more ... | "agent"; }, any, { ....'.
  The types returned by '_options.resolver(...)' are incompatible between these types.
    Type 'ResolverResult<{ title: string; country_id: number; city_id: number; category_id: number; operation_type: "sale" | "rent"; area: number; rooms: number; bathrooms: number; finishing_type: "none" | "basic" | "good" | "luxury" | "super_luxury"; ... 26 more ...; marketing_option?: "none" | ... 1 more ... | "agent"; }, T...' is not assignable to type 'ResolverResult<{ title: string; country_id: number; city_id: number; category_id: number; operation_type: "sale" | "rent"; area: number; rooms: number; bathrooms: number; finishing_type: "none" | "basic" | "good" | "luxury" | "super_luxury"; ... 26 more ...; marketing_option?: "none" | ... 1 more ... | "agent"; }, {...'.
      Type 'ResolverSuccess<TFieldValues>' is not assignable to type 'ResolverResult<{ title: string; country_id: number; city_id: number; category_id: number; operation_type: "sale" | "rent"; area: number; rooms: number; bathrooms: number; finishing_type: "none" | "basic" | "good" | "luxury" | "super_luxury"; ... 26 more ...; marketing_option?: "none" | ... 1 more ... | "agent"; }, {...'.
        Type 'ResolverSuccess<TFieldValues>' is not assignable to type 'ResolverSuccess<{ title: string; country_id: number; city_id: number; category_id: number; operation_type: "sale" | "rent"; area: number; rooms: number; bathrooms: number; finishing_type: "none" | "basic" | "good" | "luxury" | "super_luxury"; ... 26 more ...; marketing_option?: "none" | ... 1 more ... | "agent"; }>'.
          Type 'TFieldValues' is not assignable to type '{ title: string; country_id: number; city_id: number; category_id: number; operation_type: "sale" | "rent"; area: number; rooms: number; bathrooms: number; finishing_type: "none" | "basic" | "good" | "luxury" | "super_luxury"; ... 26 more ...; marketing_option?: "none" | ... 1 more ... | "agent"; }'.
            Type 'FieldValues' is missing the following properties from type '{ title: string; country_id: number; city_id: number; category_id: number; operation_type: "sale" | "rent"; area: number; rooms: number; bathrooms: number; finishing_type: "none" | "basic" | "good" | "luxury" | "super_luxury"; ... 26 more ...; marketing_option?: "none" | ... 1 more ... | "agent"; }': title, country_id, city_id, category_id, and 6 more.
src/features/profile/components/dialogs/add-property-dialog.tsx(554,21): error TS2322: Type 'Control<{ title: string; country_id: number; city_id: number; category_id: number; operation_type: "sale" | "rent"; area: number; rooms: number; bathrooms: number; finishing_type: "none" | "basic" | "good" | "luxury" | "super_luxury"; ... 26 more ...; marketing_option?: "none" | ... 1 more ... | "agent"; }, any, TFi...' is not assignable to type 'Control<{ title: string; country_id: number; city_id: number; category_id: number; operation_type: "sale" | "rent"; area: number; rooms: number; bathrooms: number; finishing_type: "none" | "basic" | "good" | "luxury" | "super_luxury"; ... 26 more ...; marketing_option?: "none" | ... 1 more ... | "agent"; }, any, { ....'.
  The types returned by '_options.resolver(...)' are incompatible between these types.
    Type 'ResolverResult<{ title: string; country_id: number; city_id: number; category_id: number; operation_type: "sale" | "rent"; area: number; rooms: number; bathrooms: number; finishing_type: "none" | "basic" | "good" | "luxury" | "super_luxury"; ... 26 more ...; marketing_option?: "none" | ... 1 more ... | "agent"; }, T...' is not assignable to type 'ResolverResult<{ title: string; country_id: number; city_id: number; category_id: number; operation_type: "sale" | "rent"; area: number; rooms: number; bathrooms: number; finishing_type: "none" | "basic" | "good" | "luxury" | "super_luxury"; ... 26 more ...; marketing_option?: "none" | ... 1 more ... | "agent"; }, {...'.
      Type 'ResolverSuccess<TFieldValues>' is not assignable to type 'ResolverResult<{ title: string; country_id: number; city_id: number; category_id: number; operation_type: "sale" | "rent"; area: number; rooms: number; bathrooms: number; finishing_type: "none" | "basic" | "good" | "luxury" | "super_luxury"; ... 26 more ...; marketing_option?: "none" | ... 1 more ... | "agent"; }, {...'.
        Type 'ResolverSuccess<TFieldValues>' is not assignable to type 'ResolverSuccess<{ title: string; country_id: number; city_id: number; category_id: number; operation_type: "sale" | "rent"; area: number; rooms: number; bathrooms: number; finishing_type: "none" | "basic" | "good" | "luxury" | "super_luxury"; ... 26 more ...; marketing_option?: "none" | ... 1 more ... | "agent"; }>'.
          Type 'TFieldValues' is not assignable to type '{ title: string; country_id: number; city_id: number; category_id: number; operation_type: "sale" | "rent"; area: number; rooms: number; bathrooms: number; finishing_type: "none" | "basic" | "good" | "luxury" | "super_luxury"; ... 26 more ...; marketing_option?: "none" | ... 1 more ... | "agent"; }'.
            Type 'FieldValues' is missing the following properties from type '{ title: string; country_id: number; city_id: number; category_id: number; operation_type: "sale" | "rent"; area: number; rooms: number; bathrooms: number; finishing_type: "none" | "basic" | "good" | "luxury" | "super_luxury"; ... 26 more ...; marketing_option?: "none" | ... 1 more ... | "agent"; }': title, country_id, city_id, category_id, and 6 more.
src/features/profile/components/dialogs/add-property-dialog.tsx(568,21): error TS2322: Type 'Control<{ title: string; country_id: number; city_id: number; category_id: number; operation_type: "sale" | "rent"; area: number; rooms: number; bathrooms: number; finishing_type: "none" | "basic" | "good" | "luxury" | "super_luxury"; ... 26 more ...; marketing_option?: "none" | ... 1 more ... | "agent"; }, any, TFi...' is not assignable to type 'Control<{ title: string; country_id: number; city_id: number; category_id: number; operation_type: "sale" | "rent"; area: number; rooms: number; bathrooms: number; finishing_type: "none" | "basic" | "good" | "luxury" | "super_luxury"; ... 26 more ...; marketing_option?: "none" | ... 1 more ... | "agent"; }, any, { ....'.
  The types returned by '_options.resolver(...)' are incompatible between these types.
    Type 'ResolverResult<{ title: string; country_id: number; city_id: number; category_id: number; operation_type: "sale" | "rent"; area: number; rooms: number; bathrooms: number; finishing_type: "none" | "basic" | "good" | "luxury" | "super_luxury"; ... 26 more ...; marketing_option?: "none" | ... 1 more ... | "agent"; }, T...' is not assignable to type 'ResolverResult<{ title: string; country_id: number; city_id: number; category_id: number; operation_type: "sale" | "rent"; area: number; rooms: number; bathrooms: number; finishing_type: "none" | "basic" | "good" | "luxury" | "super_luxury"; ... 26 more ...; marketing_option?: "none" | ... 1 more ... | "agent"; }, {...'.
      Type 'ResolverSuccess<TFieldValues>' is not assignable to type 'ResolverResult<{ title: string; country_id: number; city_id: number; category_id: number; operation_type: "sale" | "rent"; area: number; rooms: number; bathrooms: number; finishing_type: "none" | "basic" | "good" | "luxury" | "super_luxury"; ... 26 more ...; marketing_option?: "none" | ... 1 more ... | "agent"; }, {...'.
        Type 'ResolverSuccess<TFieldValues>' is not assignable to type 'ResolverSuccess<{ title: string; country_id: number; city_id: number; category_id: number; operation_type: "sale" | "rent"; area: number; rooms: number; bathrooms: number; finishing_type: "none" | "basic" | "good" | "luxury" | "super_luxury"; ... 26 more ...; marketing_option?: "none" | ... 1 more ... | "agent"; }>'.
          Type 'TFieldValues' is not assignable to type '{ title: string; country_id: number; city_id: number; category_id: number; operation_type: "sale" | "rent"; area: number; rooms: number; bathrooms: number; finishing_type: "none" | "basic" | "good" | "luxury" | "super_luxury"; ... 26 more ...; marketing_option?: "none" | ... 1 more ... | "agent"; }'.
            Type 'FieldValues' is missing the following properties from type '{ title: string; country_id: number; city_id: number; category_id: number; operation_type: "sale" | "rent"; area: number; rooms: number; bathrooms: number; finishing_type: "none" | "basic" | "good" | "luxury" | "super_luxury"; ... 26 more ...; marketing_option?: "none" | ... 1 more ... | "agent"; }': title, country_id, city_id, category_id, and 6 more.
src/features/profile/components/dialogs/add-property-dialog.tsx(582,21): error TS2322: Type 'Control<{ title: string; country_id: number; city_id: number; category_id: number; operation_type: "sale" | "rent"; area: number; rooms: number; bathrooms: number; finishing_type: "none" | "basic" | "good" | "luxury" | "super_luxury"; ... 26 more ...; marketing_option?: "none" | ... 1 more ... | "agent"; }, any, TFi...' is not assignable to type 'Control<{ title: string; country_id: number; city_id: number; category_id: number; operation_type: "sale" | "rent"; area: number; rooms: number; bathrooms: number; finishing_type: "none" | "basic" | "good" | "luxury" | "super_luxury"; ... 26 more ...; marketing_option?: "none" | ... 1 more ... | "agent"; }, any, { ....'.
  The types returned by '_options.resolver(...)' are incompatible between these types.
    Type 'ResolverResult<{ title: string; country_id: number; city_id: number; category_id: number; operation_type: "sale" | "rent"; area: number; rooms: number; bathrooms: number; finishing_type: "none" | "basic" | "good" | "luxury" | "super_luxury"; ... 26 more ...; marketing_option?: "none" | ... 1 more ... | "agent"; }, T...' is not assignable to type 'ResolverResult<{ title: string; country_id: number; city_id: number; category_id: number; operation_type: "sale" | "rent"; area: number; rooms: number; bathrooms: number; finishing_type: "none" | "basic" | "good" | "luxury" | "super_luxury"; ... 26 more ...; marketing_option?: "none" | ... 1 more ... | "agent"; }, {...'.
      Type 'ResolverSuccess<TFieldValues>' is not assignable to type 'ResolverResult<{ title: string; country_id: number; city_id: number; category_id: number; operation_type: "sale" | "rent"; area: number; rooms: number; bathrooms: number; finishing_type: "none" | "basic" | "good" | "luxury" | "super_luxury"; ... 26 more ...; marketing_option?: "none" | ... 1 more ... | "agent"; }, {...'.
        Type 'ResolverSuccess<TFieldValues>' is not assignable to type 'ResolverSuccess<{ title: string; country_id: number; city_id: number; category_id: number; operation_type: "sale" | "rent"; area: number; rooms: number; bathrooms: number; finishing_type: "none" | "basic" | "good" | "luxury" | "super_luxury"; ... 26 more ...; marketing_option?: "none" | ... 1 more ... | "agent"; }>'.
          Type 'TFieldValues' is not assignable to type '{ title: string; country_id: number; city_id: number; category_id: number; operation_type: "sale" | "rent"; area: number; rooms: number; bathrooms: number; finishing_type: "none" | "basic" | "good" | "luxury" | "super_luxury"; ... 26 more ...; marketing_option?: "none" | ... 1 more ... | "agent"; }'.
            Type 'FieldValues' is missing the following properties from type '{ title: string; country_id: number; city_id: number; category_id: number; operation_type: "sale" | "rent"; area: number; rooms: number; bathrooms: number; finishing_type: "none" | "basic" | "good" | "luxury" | "super_luxury"; ... 26 more ...; marketing_option?: "none" | ... 1 more ... | "agent"; }': title, country_id, city_id, category_id, and 6 more.
src/features/profile/components/dialogs/add-property-dialog.tsx(597,19): error TS2322: Type 'Control<{ title: string; country_id: number; city_id: number; category_id: number; operation_type: "sale" | "rent"; area: number; rooms: number; bathrooms: number; finishing_type: "none" | "basic" | "good" | "luxury" | "super_luxury"; ... 26 more ...; marketing_option?: "none" | ... 1 more ... | "agent"; }, any, TFi...' is not assignable to type 'Control<{ title: string; country_id: number; city_id: number; category_id: number; operation_type: "sale" | "rent"; area: number; rooms: number; bathrooms: number; finishing_type: "none" | "basic" | "good" | "luxury" | "super_luxury"; ... 26 more ...; marketing_option?: "none" | ... 1 more ... | "agent"; }, any, { ....'.
  The types returned by '_options.resolver(...)' are incompatible between these types.
    Type 'ResolverResult<{ title: string; country_id: number; city_id: number; category_id: number; operation_type: "sale" | "rent"; area: number; rooms: number; bathrooms: number; finishing_type: "none" | "basic" | "good" | "luxury" | "super_luxury"; ... 26 more ...; marketing_option?: "none" | ... 1 more ... | "agent"; }, T...' is not assignable to type 'ResolverResult<{ title: string; country_id: number; city_id: number; category_id: number; operation_type: "sale" | "rent"; area: number; rooms: number; bathrooms: number; finishing_type: "none" | "basic" | "good" | "luxury" | "super_luxury"; ... 26 more ...; marketing_option?: "none" | ... 1 more ... | "agent"; }, {...'.
      Type 'ResolverSuccess<TFieldValues>' is not assignable to type 'ResolverResult<{ title: string; country_id: number; city_id: number; category_id: number; operation_type: "sale" | "rent"; area: number; rooms: number; bathrooms: number; finishing_type: "none" | "basic" | "good" | "luxury" | "super_luxury"; ... 26 more ...; marketing_option?: "none" | ... 1 more ... | "agent"; }, {...'.
        Type 'ResolverSuccess<TFieldValues>' is not assignable to type 'ResolverSuccess<{ title: string; country_id: number; city_id: number; category_id: number; operation_type: "sale" | "rent"; area: number; rooms: number; bathrooms: number; finishing_type: "none" | "basic" | "good" | "luxury" | "super_luxury"; ... 26 more ...; marketing_option?: "none" | ... 1 more ... | "agent"; }>'.
          Type 'TFieldValues' is not assignable to type '{ title: string; country_id: number; city_id: number; category_id: number; operation_type: "sale" | "rent"; area: number; rooms: number; bathrooms: number; finishing_type: "none" | "basic" | "good" | "luxury" | "super_luxury"; ... 26 more ...; marketing_option?: "none" | ... 1 more ... | "agent"; }'.
            Type 'FieldValues' is missing the following properties from type '{ title: string; country_id: number; city_id: number; category_id: number; operation_type: "sale" | "rent"; area: number; rooms: number; bathrooms: number; finishing_type: "none" | "basic" | "good" | "luxury" | "super_luxury"; ... 26 more ...; marketing_option?: "none" | ... 1 more ... | "agent"; }': title, country_id, city_id, category_id, and 6 more.
src/features/profile/components/dialogs/add-property-dialog.tsx(614,21): error TS2322: Type 'Control<{ title: string; country_id: number; city_id: number; category_id: number; operation_type: "sale" | "rent"; area: number; rooms: number; bathrooms: number; finishing_type: "none" | "basic" | "good" | "luxury" | "super_luxury"; ... 26 more ...; marketing_option?: "none" | ... 1 more ... | "agent"; }, any, TFi...' is not assignable to type 'Control<{ title: string; country_id: number; city_id: number; category_id: number; operation_type: "sale" | "rent"; area: number; rooms: number; bathrooms: number; finishing_type: "none" | "basic" | "good" | "luxury" | "super_luxury"; ... 26 more ...; marketing_option?: "none" | ... 1 more ... | "agent"; }, any, { ....'.
  The types returned by '_options.resolver(...)' are incompatible between these types.
    Type 'ResolverResult<{ title: string; country_id: number; city_id: number; category_id: number; operation_type: "sale" | "rent"; area: number; rooms: number; bathrooms: number; finishing_type: "none" | "basic" | "good" | "luxury" | "super_luxury"; ... 26 more ...; marketing_option?: "none" | ... 1 more ... | "agent"; }, T...' is not assignable to type 'ResolverResult<{ title: string; country_id: number; city_id: number; category_id: number; operation_type: "sale" | "rent"; area: number; rooms: number; bathrooms: number; finishing_type: "none" | "basic" | "good" | "luxury" | "super_luxury"; ... 26 more ...; marketing_option?: "none" | ... 1 more ... | "agent"; }, {...'.
      Type 'ResolverSuccess<TFieldValues>' is not assignable to type 'ResolverResult<{ title: string; country_id: number; city_id: number; category_id: number; operation_type: "sale" | "rent"; area: number; rooms: number; bathrooms: number; finishing_type: "none" | "basic" | "good" | "luxury" | "super_luxury"; ... 26 more ...; marketing_option?: "none" | ... 1 more ... | "agent"; }, {...'.
        Type 'ResolverSuccess<TFieldValues>' is not assignable to type 'ResolverSuccess<{ title: string; country_id: number; city_id: number; category_id: number; operation_type: "sale" | "rent"; area: number; rooms: number; bathrooms: number; finishing_type: "none" | "basic" | "good" | "luxury" | "super_luxury"; ... 26 more ...; marketing_option?: "none" | ... 1 more ... | "agent"; }>'.
          Type 'TFieldValues' is not assignable to type '{ title: string; country_id: number; city_id: number; category_id: number; operation_type: "sale" | "rent"; area: number; rooms: number; bathrooms: number; finishing_type: "none" | "basic" | "good" | "luxury" | "super_luxury"; ... 26 more ...; marketing_option?: "none" | ... 1 more ... | "agent"; }'.
            Type 'FieldValues' is missing the following properties from type '{ title: string; country_id: number; city_id: number; category_id: number; operation_type: "sale" | "rent"; area: number; rooms: number; bathrooms: number; finishing_type: "none" | "basic" | "good" | "luxury" | "super_luxury"; ... 26 more ...; marketing_option?: "none" | ... 1 more ... | "agent"; }': title, country_id, city_id, category_id, and 6 more.
src/features/profile/components/dialogs/add-property-dialog.tsx(628,21): error TS2322: Type 'Control<{ title: string; country_id: number; city_id: number; category_id: number; operation_type: "sale" | "rent"; area: number; rooms: number; bathrooms: number; finishing_type: "none" | "basic" | "good" | "luxury" | "super_luxury"; ... 26 more ...; marketing_option?: "none" | ... 1 more ... | "agent"; }, any, TFi...' is not assignable to type 'Control<{ title: string; country_id: number; city_id: number; category_id: number; operation_type: "sale" | "rent"; area: number; rooms: number; bathrooms: number; finishing_type: "none" | "basic" | "good" | "luxury" | "super_luxury"; ... 26 more ...; marketing_option?: "none" | ... 1 more ... | "agent"; }, any, { ....'.
  The types returned by '_options.resolver(...)' are incompatible between these types.
    Type 'ResolverResult<{ title: string; country_id: number; city_id: number; category_id: number; operation_type: "sale" | "rent"; area: number; rooms: number; bathrooms: number; finishing_type: "none" | "basic" | "good" | "luxury" | "super_luxury"; ... 26 more ...; marketing_option?: "none" | ... 1 more ... | "agent"; }, T...' is not assignable to type 'ResolverResult<{ title: string; country_id: number; city_id: number; category_id: number; operation_type: "sale" | "rent"; area: number; rooms: number; bathrooms: number; finishing_type: "none" | "basic" | "good" | "luxury" | "super_luxury"; ... 26 more ...; marketing_option?: "none" | ... 1 more ... | "agent"; }, {...'.
      Type 'ResolverSuccess<TFieldValues>' is not assignable to type 'ResolverResult<{ title: string; country_id: number; city_id: number; category_id: number; operation_type: "sale" | "rent"; area: number; rooms: number; bathrooms: number; finishing_type: "none" | "basic" | "good" | "luxury" | "super_luxury"; ... 26 more ...; marketing_option?: "none" | ... 1 more ... | "agent"; }, {...'.
        Type 'ResolverSuccess<TFieldValues>' is not assignable to type 'ResolverSuccess<{ title: string; country_id: number; city_id: number; category_id: number; operation_type: "sale" | "rent"; area: number; rooms: number; bathrooms: number; finishing_type: "none" | "basic" | "good" | "luxury" | "super_luxury"; ... 26 more ...; marketing_option?: "none" | ... 1 more ... | "agent"; }>'.
          Type 'TFieldValues' is not assignable to type '{ title: string; country_id: number; city_id: number; category_id: number; operation_type: "sale" | "rent"; area: number; rooms: number; bathrooms: number; finishing_type: "none" | "basic" | "good" | "luxury" | "super_luxury"; ... 26 more ...; marketing_option?: "none" | ... 1 more ... | "agent"; }'.
            Type 'FieldValues' is missing the following properties from type '{ title: string; country_id: number; city_id: number; category_id: number; operation_type: "sale" | "rent"; area: number; rooms: number; bathrooms: number; finishing_type: "none" | "basic" | "good" | "luxury" | "super_luxury"; ... 26 more ...; marketing_option?: "none" | ... 1 more ... | "agent"; }': title, country_id, city_id, category_id, and 6 more.
src/features/profile/components/dialogs/add-property-dialog.tsx(644,21): error TS2322: Type 'Control<{ title: string; country_id: number; city_id: number; category_id: number; operation_type: "sale" | "rent"; area: number; rooms: number; bathrooms: number; finishing_type: "none" | "basic" | "good" | "luxury" | "super_luxury"; ... 26 more ...; marketing_option?: "none" | ... 1 more ... | "agent"; }, any, TFi...' is not assignable to type 'Control<{ title: string; country_id: number; city_id: number; category_id: number; operation_type: "sale" | "rent"; area: number; rooms: number; bathrooms: number; finishing_type: "none" | "basic" | "good" | "luxury" | "super_luxury"; ... 26 more ...; marketing_option?: "none" | ... 1 more ... | "agent"; }, any, { ....'.
  The types returned by '_options.resolver(...)' are incompatible between these types.
    Type 'ResolverResult<{ title: string; country_id: number; city_id: number; category_id: number; operation_type: "sale" | "rent"; area: number; rooms: number; bathrooms: number; finishing_type: "none" | "basic" | "good" | "luxury" | "super_luxury"; ... 26 more ...; marketing_option?: "none" | ... 1 more ... | "agent"; }, T...' is not assignable to type 'ResolverResult<{ title: string; country_id: number; city_id: number; category_id: number; operation_type: "sale" | "rent"; area: number; rooms: number; bathrooms: number; finishing_type: "none" | "basic" | "good" | "luxury" | "super_luxury"; ... 26 more ...; marketing_option?: "none" | ... 1 more ... | "agent"; }, {...'.
      Type 'ResolverSuccess<TFieldValues>' is not assignable to type 'ResolverResult<{ title: string; country_id: number; city_id: number; category_id: number; operation_type: "sale" | "rent"; area: number; rooms: number; bathrooms: number; finishing_type: "none" | "basic" | "good" | "luxury" | "super_luxury"; ... 26 more ...; marketing_option?: "none" | ... 1 more ... | "agent"; }, {...'.
        Type 'ResolverSuccess<TFieldValues>' is not assignable to type 'ResolverSuccess<{ title: string; country_id: number; city_id: number; category_id: number; operation_type: "sale" | "rent"; area: number; rooms: number; bathrooms: number; finishing_type: "none" | "basic" | "good" | "luxury" | "super_luxury"; ... 26 more ...; marketing_option?: "none" | ... 1 more ... | "agent"; }>'.
          Type 'TFieldValues' is not assignable to type '{ title: string; country_id: number; city_id: number; category_id: number; operation_type: "sale" | "rent"; area: number; rooms: number; bathrooms: number; finishing_type: "none" | "basic" | "good" | "luxury" | "super_luxury"; ... 26 more ...; marketing_option?: "none" | ... 1 more ... | "agent"; }'.
            Type 'FieldValues' is missing the following properties from type '{ title: string; country_id: number; city_id: number; category_id: number; operation_type: "sale" | "rent"; area: number; rooms: number; bathrooms: number; finishing_type: "none" | "basic" | "good" | "luxury" | "super_luxury"; ... 26 more ...; marketing_option?: "none" | ... 1 more ... | "agent"; }': title, country_id, city_id, category_id, and 6 more.
src/features/profile/components/dialogs/add-property-dialog.tsx(658,21): error TS2322: Type 'Control<{ title: string; country_id: number; city_id: number; category_id: number; operation_type: "sale" | "rent"; area: number; rooms: number; bathrooms: number; finishing_type: "none" | "basic" | "good" | "luxury" | "super_luxury"; ... 26 more ...; marketing_option?: "none" | ... 1 more ... | "agent"; }, any, TFi...' is not assignable to type 'Control<{ title: string; country_id: number; city_id: number; category_id: number; operation_type: "sale" | "rent"; area: number; rooms: number; bathrooms: number; finishing_type: "none" | "basic" | "good" | "luxury" | "super_luxury"; ... 26 more ...; marketing_option?: "none" | ... 1 more ... | "agent"; }, any, { ....'.
  The types returned by '_options.resolver(...)' are incompatible between these types.
    Type 'ResolverResult<{ title: string; country_id: number; city_id: number; category_id: number; operation_type: "sale" | "rent"; area: number; rooms: number; bathrooms: number; finishing_type: "none" | "basic" | "good" | "luxury" | "super_luxury"; ... 26 more ...; marketing_option?: "none" | ... 1 more ... | "agent"; }, T...' is not assignable to type 'ResolverResult<{ title: string; country_id: number; city_id: number; category_id: number; operation_type: "sale" | "rent"; area: number; rooms: number; bathrooms: number; finishing_type: "none" | "basic" | "good" | "luxury" | "super_luxury"; ... 26 more ...; marketing_option?: "none" | ... 1 more ... | "agent"; }, {...'.
      Type 'ResolverSuccess<TFieldValues>' is not assignable to type 'ResolverResult<{ title: string; country_id: number; city_id: number; category_id: number; operation_type: "sale" | "rent"; area: number; rooms: number; bathrooms: number; finishing_type: "none" | "basic" | "good" | "luxury" | "super_luxury"; ... 26 more ...; marketing_option?: "none" | ... 1 more ... | "agent"; }, {...'.
        Type 'ResolverSuccess<TFieldValues>' is not assignable to type 'ResolverSuccess<{ title: string; country_id: number; city_id: number; category_id: number; operation_type: "sale" | "rent"; area: number; rooms: number; bathrooms: number; finishing_type: "none" | "basic" | "good" | "luxury" | "super_luxury"; ... 26 more ...; marketing_option?: "none" | ... 1 more ... | "agent"; }>'.
          Type 'TFieldValues' is not assignable to type '{ title: string; country_id: number; city_id: number; category_id: number; operation_type: "sale" | "rent"; area: number; rooms: number; bathrooms: number; finishing_type: "none" | "basic" | "good" | "luxury" | "super_luxury"; ... 26 more ...; marketing_option?: "none" | ... 1 more ... | "agent"; }'.
            Type 'FieldValues' is missing the following properties from type '{ title: string; country_id: number; city_id: number; category_id: number; operation_type: "sale" | "rent"; area: number; rooms: number; bathrooms: number; finishing_type: "none" | "basic" | "good" | "luxury" | "super_luxury"; ... 26 more ...; marketing_option?: "none" | ... 1 more ... | "agent"; }': title, country_id, city_id, category_id, and 6 more.
src/features/profile/components/dialogs/add-property-dialog.tsx(672,21): error TS2322: Type 'Control<{ title: string; country_id: number; city_id: number; category_id: number; operation_type: "sale" | "rent"; area: number; rooms: number; bathrooms: number; finishing_type: "none" | "basic" | "good" | "luxury" | "super_luxury"; ... 26 more ...; marketing_option?: "none" | ... 1 more ... | "agent"; }, any, TFi...' is not assignable to type 'Control<{ title: string; country_id: number; city_id: number; category_id: number; operation_type: "sale" | "rent"; area: number; rooms: number; bathrooms: number; finishing_type: "none" | "basic" | "good" | "luxury" | "super_luxury"; ... 26 more ...; marketing_option?: "none" | ... 1 more ... | "agent"; }, any, { ....'.
  The types returned by '_options.resolver(...)' are incompatible between these types.
    Type 'ResolverResult<{ title: string; country_id: number; city_id: number; category_id: number; operation_type: "sale" | "rent"; area: number; rooms: number; bathrooms: number; finishing_type: "none" | "basic" | "good" | "luxury" | "super_luxury"; ... 26 more ...; marketing_option?: "none" | ... 1 more ... | "agent"; }, T...' is not assignable to type 'ResolverResult<{ title: string; country_id: number; city_id: number; category_id: number; operation_type: "sale" | "rent"; area: number; rooms: number; bathrooms: number; finishing_type: "none" | "basic" | "good" | "luxury" | "super_luxury"; ... 26 more ...; marketing_option?: "none" | ... 1 more ... | "agent"; }, {...'.
      Type 'ResolverSuccess<TFieldValues>' is not assignable to type 'ResolverResult<{ title: string; country_id: number; city_id: number; category_id: number; operation_type: "sale" | "rent"; area: number; rooms: number; bathrooms: number; finishing_type: "none" | "basic" | "good" | "luxury" | "super_luxury"; ... 26 more ...; marketing_option?: "none" | ... 1 more ... | "agent"; }, {...'.
        Type 'ResolverSuccess<TFieldValues>' is not assignable to type 'ResolverSuccess<{ title: string; country_id: number; city_id: number; category_id: number; operation_type: "sale" | "rent"; area: number; rooms: number; bathrooms: number; finishing_type: "none" | "basic" | "good" | "luxury" | "super_luxury"; ... 26 more ...; marketing_option?: "none" | ... 1 more ... | "agent"; }>'.
          Type 'TFieldValues' is not assignable to type '{ title: string; country_id: number; city_id: number; category_id: number; operation_type: "sale" | "rent"; area: number; rooms: number; bathrooms: number; finishing_type: "none" | "basic" | "good" | "luxury" | "super_luxury"; ... 26 more ...; marketing_option?: "none" | ... 1 more ... | "agent"; }'.
            Type 'FieldValues' is missing the following properties from type '{ title: string; country_id: number; city_id: number; category_id: number; operation_type: "sale" | "rent"; area: number; rooms: number; bathrooms: number; finishing_type: "none" | "basic" | "good" | "luxury" | "super_luxury"; ... 26 more ...; marketing_option?: "none" | ... 1 more ... | "agent"; }': title, country_id, city_id, category_id, and 6 more.
src/features/profile/components/dialogs/add-property-dialog.tsx(686,21): error TS2322: Type 'Control<{ title: string; country_id: number; city_id: number; category_id: number; operation_type: "sale" | "rent"; area: number; rooms: number; bathrooms: number; finishing_type: "none" | "basic" | "good" | "luxury" | "super_luxury"; ... 26 more ...; marketing_option?: "none" | ... 1 more ... | "agent"; }, any, TFi...' is not assignable to type 'Control<{ title: string; country_id: number; city_id: number; category_id: number; operation_type: "sale" | "rent"; area: number; rooms: number; bathrooms: number; finishing_type: "none" | "basic" | "good" | "luxury" | "super_luxury"; ... 26 more ...; marketing_option?: "none" | ... 1 more ... | "agent"; }, any, { ....'.
  The types returned by '_options.resolver(...)' are incompatible between these types.
    Type 'ResolverResult<{ title: string; country_id: number; city_id: number; category_id: number; operation_type: "sale" | "rent"; area: number; rooms: number; bathrooms: number; finishing_type: "none" | "basic" | "good" | "luxury" | "super_luxury"; ... 26 more ...; marketing_option?: "none" | ... 1 more ... | "agent"; }, T...' is not assignable to type 'ResolverResult<{ title: string; country_id: number; city_id: number; category_id: number; operation_type: "sale" | "rent"; area: number; rooms: number; bathrooms: number; finishing_type: "none" | "basic" | "good" | "luxury" | "super_luxury"; ... 26 more ...; marketing_option?: "none" | ... 1 more ... | "agent"; }, {...'.
      Type 'ResolverSuccess<TFieldValues>' is not assignable to type 'ResolverResult<{ title: string; country_id: number; city_id: number; category_id: number; operation_type: "sale" | "rent"; area: number; rooms: number; bathrooms: number; finishing_type: "none" | "basic" | "good" | "luxury" | "super_luxury"; ... 26 more ...; marketing_option?: "none" | ... 1 more ... | "agent"; }, {...'.
        Type 'ResolverSuccess<TFieldValues>' is not assignable to type 'ResolverSuccess<{ title: string; country_id: number; city_id: number; category_id: number; operation_type: "sale" | "rent"; area: number; rooms: number; bathrooms: number; finishing_type: "none" | "basic" | "good" | "luxury" | "super_luxury"; ... 26 more ...; marketing_option?: "none" | ... 1 more ... | "agent"; }>'.
          Type 'TFieldValues' is not assignable to type '{ title: string; country_id: number; city_id: number; category_id: number; operation_type: "sale" | "rent"; area: number; rooms: number; bathrooms: number; finishing_type: "none" | "basic" | "good" | "luxury" | "super_luxury"; ... 26 more ...; marketing_option?: "none" | ... 1 more ... | "agent"; }'.
            Type 'FieldValues' is missing the following properties from type '{ title: string; country_id: number; city_id: number; category_id: number; operation_type: "sale" | "rent"; area: number; rooms: number; bathrooms: number; finishing_type: "none" | "basic" | "good" | "luxury" | "super_luxury"; ... 26 more ...; marketing_option?: "none" | ... 1 more ... | "agent"; }': title, country_id, city_id, category_id, and 6 more.
src/features/profile/components/dialogs/add-property-dialog.tsx(705,21): error TS2322: Type 'Control<{ title: string; country_id: number; city_id: number; category_id: number; operation_type: "sale" | "rent"; area: number; rooms: number; bathrooms: number; finishing_type: "none" | "basic" | "good" | "luxury" | "super_luxury"; ... 26 more ...; marketing_option?: "none" | ... 1 more ... | "agent"; }, any, TFi...' is not assignable to type 'Control<{ title: string; country_id: number; city_id: number; category_id: number; operation_type: "sale" | "rent"; area: number; rooms: number; bathrooms: number; finishing_type: "none" | "basic" | "good" | "luxury" | "super_luxury"; ... 26 more ...; marketing_option?: "none" | ... 1 more ... | "agent"; }, any, { ....'.
  The types returned by '_options.resolver(...)' are incompatible between these types.
    Type 'ResolverResult<{ title: string; country_id: number; city_id: number; category_id: number; operation_type: "sale" | "rent"; area: number; rooms: number; bathrooms: number; finishing_type: "none" | "basic" | "good" | "luxury" | "super_luxury"; ... 26 more ...; marketing_option?: "none" | ... 1 more ... | "agent"; }, T...' is not assignable to type 'ResolverResult<{ title: string; country_id: number; city_id: number; category_id: number; operation_type: "sale" | "rent"; area: number; rooms: number; bathrooms: number; finishing_type: "none" | "basic" | "good" | "luxury" | "super_luxury"; ... 26 more ...; marketing_option?: "none" | ... 1 more ... | "agent"; }, {...'.
      Type 'ResolverSuccess<TFieldValues>' is not assignable to type 'ResolverResult<{ title: string; country_id: number; city_id: number; category_id: number; operation_type: "sale" | "rent"; area: number; rooms: number; bathrooms: number; finishing_type: "none" | "basic" | "good" | "luxury" | "super_luxury"; ... 26 more ...; marketing_option?: "none" | ... 1 more ... | "agent"; }, {...'.
        Type 'ResolverSuccess<TFieldValues>' is not assignable to type 'ResolverSuccess<{ title: string; country_id: number; city_id: number; category_id: number; operation_type: "sale" | "rent"; area: number; rooms: number; bathrooms: number; finishing_type: "none" | "basic" | "good" | "luxury" | "super_luxury"; ... 26 more ...; marketing_option?: "none" | ... 1 more ... | "agent"; }>'.
          Type 'TFieldValues' is not assignable to type '{ title: string; country_id: number; city_id: number; category_id: number; operation_type: "sale" | "rent"; area: number; rooms: number; bathrooms: number; finishing_type: "none" | "basic" | "good" | "luxury" | "super_luxury"; ... 26 more ...; marketing_option?: "none" | ... 1 more ... | "agent"; }'.
            Type 'FieldValues' is missing the following properties from type '{ title: string; country_id: number; city_id: number; category_id: number; operation_type: "sale" | "rent"; area: number; rooms: number; bathrooms: number; finishing_type: "none" | "basic" | "good" | "luxury" | "super_luxury"; ... 26 more ...; marketing_option?: "none" | ... 1 more ... | "agent"; }': title, country_id, city_id, category_id, and 6 more.
src/features/profile/components/dialogs/add-property-dialog.tsx(735,21): error TS2322: Type 'Control<{ title: string; country_id: number; city_id: number; category_id: number; operation_type: "sale" | "rent"; area: number; rooms: number; bathrooms: number; finishing_type: "none" | "basic" | "good" | "luxury" | "super_luxury"; ... 26 more ...; marketing_option?: "none" | ... 1 more ... | "agent"; }, any, TFi...' is not assignable to type 'Control<{ title: string; country_id: number; city_id: number; category_id: number; operation_type: "sale" | "rent"; area: number; rooms: number; bathrooms: number; finishing_type: "none" | "basic" | "good" | "luxury" | "super_luxury"; ... 26 more ...; marketing_option?: "none" | ... 1 more ... | "agent"; }, any, { ....'.
  The types returned by '_options.resolver(...)' are incompatible between these types.
    Type 'ResolverResult<{ title: string; country_id: number; city_id: number; category_id: number; operation_type: "sale" | "rent"; area: number; rooms: number; bathrooms: number; finishing_type: "none" | "basic" | "good" | "luxury" | "super_luxury"; ... 26 more ...; marketing_option?: "none" | ... 1 more ... | "agent"; }, T...' is not assignable to type 'ResolverResult<{ title: string; country_id: number; city_id: number; category_id: number; operation_type: "sale" | "rent"; area: number; rooms: number; bathrooms: number; finishing_type: "none" | "basic" | "good" | "luxury" | "super_luxury"; ... 26 more ...; marketing_option?: "none" | ... 1 more ... | "agent"; }, {...'.
      Type 'ResolverSuccess<TFieldValues>' is not assignable to type 'ResolverResult<{ title: string; country_id: number; city_id: number; category_id: number; operation_type: "sale" | "rent"; area: number; rooms: number; bathrooms: number; finishing_type: "none" | "basic" | "good" | "luxury" | "super_luxury"; ... 26 more ...; marketing_option?: "none" | ... 1 more ... | "agent"; }, {...'.
        Type 'ResolverSuccess<TFieldValues>' is not assignable to type 'ResolverSuccess<{ title: string; country_id: number; city_id: number; category_id: number; operation_type: "sale" | "rent"; area: number; rooms: number; bathrooms: number; finishing_type: "none" | "basic" | "good" | "luxury" | "super_luxury"; ... 26 more ...; marketing_option?: "none" | ... 1 more ... | "agent"; }>'.
          Type 'TFieldValues' is not assignable to type '{ title: string; country_id: number; city_id: number; category_id: number; operation_type: "sale" | "rent"; area: number; rooms: number; bathrooms: number; finishing_type: "none" | "basic" | "good" | "luxury" | "super_luxury"; ... 26 more ...; marketing_option?: "none" | ... 1 more ... | "agent"; }'.
            Type 'FieldValues' is missing the following properties from type '{ title: string; country_id: number; city_id: number; category_id: number; operation_type: "sale" | "rent"; area: number; rooms: number; bathrooms: number; finishing_type: "none" | "basic" | "good" | "luxury" | "super_luxury"; ... 26 more ...; marketing_option?: "none" | ... 1 more ... | "agent"; }': title, country_id, city_id, category_id, and 6 more.
src/features/profile/components/dialogs/add-property-dialog.tsx(776,21): error TS2322: Type 'Control<{ title: string; country_id: number; city_id: number; category_id: number; operation_type: "sale" | "rent"; area: number; rooms: number; bathrooms: number; finishing_type: "none" | "basic" | "good" | "luxury" | "super_luxury"; ... 26 more ...; marketing_option?: "none" | ... 1 more ... | "agent"; }, any, TFi...' is not assignable to type 'Control<{ title: string; country_id: number; city_id: number; category_id: number; operation_type: "sale" | "rent"; area: number; rooms: number; bathrooms: number; finishing_type: "none" | "basic" | "good" | "luxury" | "super_luxury"; ... 26 more ...; marketing_option?: "none" | ... 1 more ... | "agent"; }, any, { ....'.
  The types returned by '_options.resolver(...)' are incompatible between these types.
    Type 'ResolverResult<{ title: string; country_id: number; city_id: number; category_id: number; operation_type: "sale" | "rent"; area: number; rooms: number; bathrooms: number; finishing_type: "none" | "basic" | "good" | "luxury" | "super_luxury"; ... 26 more ...; marketing_option?: "none" | ... 1 more ... | "agent"; }, T...' is not assignable to type 'ResolverResult<{ title: string; country_id: number; city_id: number; category_id: number; operation_type: "sale" | "rent"; area: number; rooms: number; bathrooms: number; finishing_type: "none" | "basic" | "good" | "luxury" | "super_luxury"; ... 26 more ...; marketing_option?: "none" | ... 1 more ... | "agent"; }, {...'.
      Type 'ResolverSuccess<TFieldValues>' is not assignable to type 'ResolverResult<{ title: string; country_id: number; city_id: number; category_id: number; operation_type: "sale" | "rent"; area: number; rooms: number; bathrooms: number; finishing_type: "none" | "basic" | "good" | "luxury" | "super_luxury"; ... 26 more ...; marketing_option?: "none" | ... 1 more ... | "agent"; }, {...'.
        Type 'ResolverSuccess<TFieldValues>' is not assignable to type 'ResolverSuccess<{ title: string; country_id: number; city_id: number; category_id: number; operation_type: "sale" | "rent"; area: number; rooms: number; bathrooms: number; finishing_type: "none" | "basic" | "good" | "luxury" | "super_luxury"; ... 26 more ...; marketing_option?: "none" | ... 1 more ... | "agent"; }>'.
          Type 'TFieldValues' is not assignable to type '{ title: string; country_id: number; city_id: number; category_id: number; operation_type: "sale" | "rent"; area: number; rooms: number; bathrooms: number; finishing_type: "none" | "basic" | "good" | "luxury" | "super_luxury"; ... 26 more ...; marketing_option?: "none" | ... 1 more ... | "agent"; }'.
            Type 'FieldValues' is missing the following properties from type '{ title: string; country_id: number; city_id: number; category_id: number; operation_type: "sale" | "rent"; area: number; rooms: number; bathrooms: number; finishing_type: "none" | "basic" | "good" | "luxury" | "super_luxury"; ... 26 more ...; marketing_option?: "none" | ... 1 more ... | "agent"; }': title, country_id, city_id, category_id, and 6 more.
src/features/profile/components/dialogs/add-property-dialog.tsx(791,19): error TS2322: Type 'Control<{ title: string; country_id: number; city_id: number; category_id: number; operation_type: "sale" | "rent"; area: number; rooms: number; bathrooms: number; finishing_type: "none" | "basic" | "good" | "luxury" | "super_luxury"; ... 26 more ...; marketing_option?: "none" | ... 1 more ... | "agent"; }, any, TFi...' is not assignable to type 'Control<{ title: string; country_id: number; city_id: number; category_id: number; operation_type: "sale" | "rent"; area: number; rooms: number; bathrooms: number; finishing_type: "none" | "basic" | "good" | "luxury" | "super_luxury"; ... 26 more ...; marketing_option?: "none" | ... 1 more ... | "agent"; }, any, { ....'.
  The types returned by '_options.resolver(...)' are incompatible between these types.
    Type 'ResolverResult<{ title: string; country_id: number; city_id: number; category_id: number; operation_type: "sale" | "rent"; area: number; rooms: number; bathrooms: number; finishing_type: "none" | "basic" | "good" | "luxury" | "super_luxury"; ... 26 more ...; marketing_option?: "none" | ... 1 more ... | "agent"; }, T...' is not assignable to type 'ResolverResult<{ title: string; country_id: number; city_id: number; category_id: number; operation_type: "sale" | "rent"; area: number; rooms: number; bathrooms: number; finishing_type: "none" | "basic" | "good" | "luxury" | "super_luxury"; ... 26 more ...; marketing_option?: "none" | ... 1 more ... | "agent"; }, {...'.
      Type 'ResolverSuccess<TFieldValues>' is not assignable to type 'ResolverResult<{ title: string; country_id: number; city_id: number; category_id: number; operation_type: "sale" | "rent"; area: number; rooms: number; bathrooms: number; finishing_type: "none" | "basic" | "good" | "luxury" | "super_luxury"; ... 26 more ...; marketing_option?: "none" | ... 1 more ... | "agent"; }, {...'.
        Type 'ResolverSuccess<TFieldValues>' is not assignable to type 'ResolverSuccess<{ title: string; country_id: number; city_id: number; category_id: number; operation_type: "sale" | "rent"; area: number; rooms: number; bathrooms: number; finishing_type: "none" | "basic" | "good" | "luxury" | "super_luxury"; ... 26 more ...; marketing_option?: "none" | ... 1 more ... | "agent"; }>'.
          Type 'TFieldValues' is not assignable to type '{ title: string; country_id: number; city_id: number; category_id: number; operation_type: "sale" | "rent"; area: number; rooms: number; bathrooms: number; finishing_type: "none" | "basic" | "good" | "luxury" | "super_luxury"; ... 26 more ...; marketing_option?: "none" | ... 1 more ... | "agent"; }'.
            Type 'FieldValues' is missing the following properties from type '{ title: string; country_id: number; city_id: number; category_id: number; operation_type: "sale" | "rent"; area: number; rooms: number; bathrooms: number; finishing_type: "none" | "basic" | "good" | "luxury" | "super_luxury"; ... 26 more ...; marketing_option?: "none" | ... 1 more ... | "agent"; }': title, country_id, city_id, category_id, and 6 more.
src/features/profile/components/dialogs/add-property-dialog.tsx(800,29): error TS2322: Type 'Control<{ title: string; country_id: number; city_id: number; category_id: number; operation_type: "sale" | "rent"; area: number; rooms: number; bathrooms: number; finishing_type: "none" | "basic" | "good" | "luxury" | "super_luxury"; ... 26 more ...; marketing_option?: "none" | ... 1 more ... | "agent"; }, any, TFi...' is not assignable to type 'Control<{ title: string; country_id: number; city_id: number; category_id: number; operation_type: "sale" | "rent"; area: number; rooms: number; bathrooms: number; finishing_type: "none" | "basic" | "good" | "luxury" | "super_luxury"; ... 26 more ...; marketing_option?: "none" | ... 1 more ... | "agent"; }, any, { ....'.
  The types returned by '_options.resolver(...)' are incompatible between these types.
    Type 'ResolverResult<{ title: string; country_id: number; city_id: number; category_id: number; operation_type: "sale" | "rent"; area: number; rooms: number; bathrooms: number; finishing_type: "none" | "basic" | "good" | "luxury" | "super_luxury"; ... 26 more ...; marketing_option?: "none" | ... 1 more ... | "agent"; }, T...' is not assignable to type 'ResolverResult<{ title: string; country_id: number; city_id: number; category_id: number; operation_type: "sale" | "rent"; area: number; rooms: number; bathrooms: number; finishing_type: "none" | "basic" | "good" | "luxury" | "super_luxury"; ... 26 more ...; marketing_option?: "none" | ... 1 more ... | "agent"; }, {...'.
      Type 'ResolverSuccess<TFieldValues>' is not assignable to type 'ResolverResult<{ title: string; country_id: number; city_id: number; category_id: number; operation_type: "sale" | "rent"; area: number; rooms: number; bathrooms: number; finishing_type: "none" | "basic" | "good" | "luxury" | "super_luxury"; ... 26 more ...; marketing_option?: "none" | ... 1 more ... | "agent"; }, {...'.
        Type 'ResolverSuccess<TFieldValues>' is not assignable to type 'ResolverSuccess<{ title: string; country_id: number; city_id: number; category_id: number; operation_type: "sale" | "rent"; area: number; rooms: number; bathrooms: number; finishing_type: "none" | "basic" | "good" | "luxury" | "super_luxury"; ... 26 more ...; marketing_option?: "none" | ... 1 more ... | "agent"; }>'.
          Type 'TFieldValues' is not assignable to type '{ title: string; country_id: number; city_id: number; category_id: number; operation_type: "sale" | "rent"; area: number; rooms: number; bathrooms: number; finishing_type: "none" | "basic" | "good" | "luxury" | "super_luxury"; ... 26 more ...; marketing_option?: "none" | ... 1 more ... | "agent"; }'.
            Type 'FieldValues' is missing the following properties from type '{ title: string; country_id: number; city_id: number; category_id: number; operation_type: "sale" | "rent"; area: number; rooms: number; bathrooms: number; finishing_type: "none" | "basic" | "good" | "luxury" | "super_luxury"; ... 26 more ...; marketing_option?: "none" | ... 1 more ... | "agent"; }': title, country_id, city_id, category_id, and 6 more.
src/features/profile/components/dialogs/add-property-dialog.tsx(838,19): error TS2322: Type 'Control<{ title: string; country_id: number; city_id: number; category_id: number; operation_type: "sale" | "rent"; area: number; rooms: number; bathrooms: number; finishing_type: "none" | "basic" | "good" | "luxury" | "super_luxury"; ... 26 more ...; marketing_option?: "none" | ... 1 more ... | "agent"; }, any, TFi...' is not assignable to type 'Control<{ title: string; country_id: number; city_id: number; category_id: number; operation_type: "sale" | "rent"; area: number; rooms: number; bathrooms: number; finishing_type: "none" | "basic" | "good" | "luxury" | "super_luxury"; ... 26 more ...; marketing_option?: "none" | ... 1 more ... | "agent"; }, any, { ....'.
  The types returned by '_options.resolver(...)' are incompatible between these types.
    Type 'ResolverResult<{ title: string; country_id: number; city_id: number; category_id: number; operation_type: "sale" | "rent"; area: number; rooms: number; bathrooms: number; finishing_type: "none" | "basic" | "good" | "luxury" | "super_luxury"; ... 26 more ...; marketing_option?: "none" | ... 1 more ... | "agent"; }, T...' is not assignable to type 'ResolverResult<{ title: string; country_id: number; city_id: number; category_id: number; operation_type: "sale" | "rent"; area: number; rooms: number; bathrooms: number; finishing_type: "none" | "basic" | "good" | "luxury" | "super_luxury"; ... 26 more ...; marketing_option?: "none" | ... 1 more ... | "agent"; }, {...'.
      Type 'ResolverSuccess<TFieldValues>' is not assignable to type 'ResolverResult<{ title: string; country_id: number; city_id: number; category_id: number; operation_type: "sale" | "rent"; area: number; rooms: number; bathrooms: number; finishing_type: "none" | "basic" | "good" | "luxury" | "super_luxury"; ... 26 more ...; marketing_option?: "none" | ... 1 more ... | "agent"; }, {...'.
        Type 'ResolverSuccess<TFieldValues>' is not assignable to type 'ResolverSuccess<{ title: string; country_id: number; city_id: number; category_id: number; operation_type: "sale" | "rent"; area: number; rooms: number; bathrooms: number; finishing_type: "none" | "basic" | "good" | "luxury" | "super_luxury"; ... 26 more ...; marketing_option?: "none" | ... 1 more ... | "agent"; }>'.
          Type 'TFieldValues' is not assignable to type '{ title: string; country_id: number; city_id: number; category_id: number; operation_type: "sale" | "rent"; area: number; rooms: number; bathrooms: number; finishing_type: "none" | "basic" | "good" | "luxury" | "super_luxury"; ... 26 more ...; marketing_option?: "none" | ... 1 more ... | "agent"; }'.
            Type 'FieldValues' is missing the following properties from type '{ title: string; country_id: number; city_id: number; category_id: number; operation_type: "sale" | "rent"; area: number; rooms: number; bathrooms: number; finishing_type: "none" | "basic" | "good" | "luxury" | "super_luxury"; ... 26 more ...; marketing_option?: "none" | ... 1 more ... | "agent"; }': title, country_id, city_id, category_id, and 6 more.
src/features/profile/components/dialogs/add-property-dialog.tsx(859,21): error TS2322: Type 'Control<{ title: string; country_id: number; city_id: number; category_id: number; operation_type: "sale" | "rent"; area: number; rooms: number; bathrooms: number; finishing_type: "none" | "basic" | "good" | "luxury" | "super_luxury"; ... 26 more ...; marketing_option?: "none" | ... 1 more ... | "agent"; }, any, TFi...' is not assignable to type 'Control<{ title: string; country_id: number; city_id: number; category_id: number; operation_type: "sale" | "rent"; area: number; rooms: number; bathrooms: number; finishing_type: "none" | "basic" | "good" | "luxury" | "super_luxury"; ... 26 more ...; marketing_option?: "none" | ... 1 more ... | "agent"; }, any, { ....'.
  The types returned by '_options.resolver(...)' are incompatible between these types.
    Type 'ResolverResult<{ title: string; country_id: number; city_id: number; category_id: number; operation_type: "sale" | "rent"; area: number; rooms: number; bathrooms: number; finishing_type: "none" | "basic" | "good" | "luxury" | "super_luxury"; ... 26 more ...; marketing_option?: "none" | ... 1 more ... | "agent"; }, T...' is not assignable to type 'ResolverResult<{ title: string; country_id: number; city_id: number; category_id: number; operation_type: "sale" | "rent"; area: number; rooms: number; bathrooms: number; finishing_type: "none" | "basic" | "good" | "luxury" | "super_luxury"; ... 26 more ...; marketing_option?: "none" | ... 1 more ... | "agent"; }, {...'.
      Type 'ResolverSuccess<TFieldValues>' is not assignable to type 'ResolverResult<{ title: string; country_id: number; city_id: number; category_id: number; operation_type: "sale" | "rent"; area: number; rooms: number; bathrooms: number; finishing_type: "none" | "basic" | "good" | "luxury" | "super_luxury"; ... 26 more ...; marketing_option?: "none" | ... 1 more ... | "agent"; }, {...'.
        Type 'ResolverSuccess<TFieldValues>' is not assignable to type 'ResolverSuccess<{ title: string; country_id: number; city_id: number; category_id: number; operation_type: "sale" | "rent"; area: number; rooms: number; bathrooms: number; finishing_type: "none" | "basic" | "good" | "luxury" | "super_luxury"; ... 26 more ...; marketing_option?: "none" | ... 1 more ... | "agent"; }>'.
          Type 'TFieldValues' is not assignable to type '{ title: string; country_id: number; city_id: number; category_id: number; operation_type: "sale" | "rent"; area: number; rooms: number; bathrooms: number; finishing_type: "none" | "basic" | "good" | "luxury" | "super_luxury"; ... 26 more ...; marketing_option?: "none" | ... 1 more ... | "agent"; }'.
            Type 'FieldValues' is missing the following properties from type '{ title: string; country_id: number; city_id: number; category_id: number; operation_type: "sale" | "rent"; area: number; rooms: number; bathrooms: number; finishing_type: "none" | "basic" | "good" | "luxury" | "super_luxury"; ... 26 more ...; marketing_option?: "none" | ... 1 more ... | "agent"; }': title, country_id, city_id, category_id, and 6 more.
src/features/profile/components/dialogs/add-property-dialog.tsx(873,21): error TS2322: Type 'Control<{ title: string; country_id: number; city_id: number; category_id: number; operation_type: "sale" | "rent"; area: number; rooms: number; bathrooms: number; finishing_type: "none" | "basic" | "good" | "luxury" | "super_luxury"; ... 26 more ...; marketing_option?: "none" | ... 1 more ... | "agent"; }, any, TFi...' is not assignable to type 'Control<{ title: string; country_id: number; city_id: number; category_id: number; operation_type: "sale" | "rent"; area: number; rooms: number; bathrooms: number; finishing_type: "none" | "basic" | "good" | "luxury" | "super_luxury"; ... 26 more ...; marketing_option?: "none" | ... 1 more ... | "agent"; }, any, { ....'.
  The types returned by '_options.resolver(...)' are incompatible between these types.
    Type 'ResolverResult<{ title: string; country_id: number; city_id: number; category_id: number; operation_type: "sale" | "rent"; area: number; rooms: number; bathrooms: number; finishing_type: "none" | "basic" | "good" | "luxury" | "super_luxury"; ... 26 more ...; marketing_option?: "none" | ... 1 more ... | "agent"; }, T...' is not assignable to type 'ResolverResult<{ title: string; country_id: number; city_id: number; category_id: number; operation_type: "sale" | "rent"; area: number; rooms: number; bathrooms: number; finishing_type: "none" | "basic" | "good" | "luxury" | "super_luxury"; ... 26 more ...; marketing_option?: "none" | ... 1 more ... | "agent"; }, {...'.
      Type 'ResolverSuccess<TFieldValues>' is not assignable to type 'ResolverResult<{ title: string; country_id: number; city_id: number; category_id: number; operation_type: "sale" | "rent"; area: number; rooms: number; bathrooms: number; finishing_type: "none" | "basic" | "good" | "luxury" | "super_luxury"; ... 26 more ...; marketing_option?: "none" | ... 1 more ... | "agent"; }, {...'.
        Type 'ResolverSuccess<TFieldValues>' is not assignable to type 'ResolverSuccess<{ title: string; country_id: number; city_id: number; category_id: number; operation_type: "sale" | "rent"; area: number; rooms: number; bathrooms: number; finishing_type: "none" | "basic" | "good" | "luxury" | "super_luxury"; ... 26 more ...; marketing_option?: "none" | ... 1 more ... | "agent"; }>'.
          Type 'TFieldValues' is not assignable to type '{ title: string; country_id: number; city_id: number; category_id: number; operation_type: "sale" | "rent"; area: number; rooms: number; bathrooms: number; finishing_type: "none" | "basic" | "good" | "luxury" | "super_luxury"; ... 26 more ...; marketing_option?: "none" | ... 1 more ... | "agent"; }'.
            Type 'FieldValues' is missing the following properties from type '{ title: string; country_id: number; city_id: number; category_id: number; operation_type: "sale" | "rent"; area: number; rooms: number; bathrooms: number; finishing_type: "none" | "basic" | "good" | "luxury" | "super_luxury"; ... 26 more ...; marketing_option?: "none" | ... 1 more ... | "agent"; }': title, country_id, city_id, category_id, and 6 more.
src/features/profile/components/dialogs/add-property-dialog.tsx(887,21): error TS2322: Type 'Control<{ title: string; country_id: number; city_id: number; category_id: number; operation_type: "sale" | "rent"; area: number; rooms: number; bathrooms: number; finishing_type: "none" | "basic" | "good" | "luxury" | "super_luxury"; ... 26 more ...; marketing_option?: "none" | ... 1 more ... | "agent"; }, any, TFi...' is not assignable to type 'Control<{ title: string; country_id: number; city_id: number; category_id: number; operation_type: "sale" | "rent"; area: number; rooms: number; bathrooms: number; finishing_type: "none" | "basic" | "good" | "luxury" | "super_luxury"; ... 26 more ...; marketing_option?: "none" | ... 1 more ... | "agent"; }, any, { ....'.
  The types returned by '_options.resolver(...)' are incompatible between these types.
    Type 'ResolverResult<{ title: string; country_id: number; city_id: number; category_id: number; operation_type: "sale" | "rent"; area: number; rooms: number; bathrooms: number; finishing_type: "none" | "basic" | "good" | "luxury" | "super_luxury"; ... 26 more ...; marketing_option?: "none" | ... 1 more ... | "agent"; }, T...' is not assignable to type 'ResolverResult<{ title: string; country_id: number; city_id: number; category_id: number; operation_type: "sale" | "rent"; area: number; rooms: number; bathrooms: number; finishing_type: "none" | "basic" | "good" | "luxury" | "super_luxury"; ... 26 more ...; marketing_option?: "none" | ... 1 more ... | "agent"; }, {...'.
      Type 'ResolverSuccess<TFieldValues>' is not assignable to type 'ResolverResult<{ title: string; country_id: number; city_id: number; category_id: number; operation_type: "sale" | "rent"; area: number; rooms: number; bathrooms: number; finishing_type: "none" | "basic" | "good" | "luxury" | "super_luxury"; ... 26 more ...; marketing_option?: "none" | ... 1 more ... | "agent"; }, {...'.
        Type 'ResolverSuccess<TFieldValues>' is not assignable to type 'ResolverSuccess<{ title: string; country_id: number; city_id: number; category_id: number; operation_type: "sale" | "rent"; area: number; rooms: number; bathrooms: number; finishing_type: "none" | "basic" | "good" | "luxury" | "super_luxury"; ... 26 more ...; marketing_option?: "none" | ... 1 more ... | "agent"; }>'.
          Type 'TFieldValues' is not assignable to type '{ title: string; country_id: number; city_id: number; category_id: number; operation_type: "sale" | "rent"; area: number; rooms: number; bathrooms: number; finishing_type: "none" | "basic" | "good" | "luxury" | "super_luxury"; ... 26 more ...; marketing_option?: "none" | ... 1 more ... | "agent"; }'.
            Type 'FieldValues' is missing the following properties from type '{ title: string; country_id: number; city_id: number; category_id: number; operation_type: "sale" | "rent"; area: number; rooms: number; bathrooms: number; finishing_type: "none" | "basic" | "good" | "luxury" | "super_luxury"; ... 26 more ...; marketing_option?: "none" | ... 1 more ... | "agent"; }': title, country_id, city_id, category_id, and 6 more.
src/features/profile/components/dialogs/add-property-dialog.tsx(901,21): error TS2322: Type 'Control<{ title: string; country_id: number; city_id: number; category_id: number; operation_type: "sale" | "rent"; area: number; rooms: number; bathrooms: number; finishing_type: "none" | "basic" | "good" | "luxury" | "super_luxury"; ... 26 more ...; marketing_option?: "none" | ... 1 more ... | "agent"; }, any, TFi...' is not assignable to type 'Control<{ title: string; country_id: number; city_id: number; category_id: number; operation_type: "sale" | "rent"; area: number; rooms: number; bathrooms: number; finishing_type: "none" | "basic" | "good" | "luxury" | "super_luxury"; ... 26 more ...; marketing_option?: "none" | ... 1 more ... | "agent"; }, any, { ....'.
  The types returned by '_options.resolver(...)' are incompatible between these types.
    Type 'ResolverResult<{ title: string; country_id: number; city_id: number; category_id: number; operation_type: "sale" | "rent"; area: number; rooms: number; bathrooms: number; finishing_type: "none" | "basic" | "good" | "luxury" | "super_luxury"; ... 26 more ...; marketing_option?: "none" | ... 1 more ... | "agent"; }, T...' is not assignable to type 'ResolverResult<{ title: string; country_id: number; city_id: number; category_id: number; operation_type: "sale" | "rent"; area: number; rooms: number; bathrooms: number; finishing_type: "none" | "basic" | "good" | "luxury" | "super_luxury"; ... 26 more ...; marketing_option?: "none" | ... 1 more ... | "agent"; }, {...'.
      Type 'ResolverSuccess<TFieldValues>' is not assignable to type 'ResolverResult<{ title: string; country_id: number; city_id: number; category_id: number; operation_type: "sale" | "rent"; area: number; rooms: number; bathrooms: number; finishing_type: "none" | "basic" | "good" | "luxury" | "super_luxury"; ... 26 more ...; marketing_option?: "none" | ... 1 more ... | "agent"; }, {...'.
        Type 'ResolverSuccess<TFieldValues>' is not assignable to type 'ResolverSuccess<{ title: string; country_id: number; city_id: number; category_id: number; operation_type: "sale" | "rent"; area: number; rooms: number; bathrooms: number; finishing_type: "none" | "basic" | "good" | "luxury" | "super_luxury"; ... 26 more ...; marketing_option?: "none" | ... 1 more ... | "agent"; }>'.
          Type 'TFieldValues' is not assignable to type '{ title: string; country_id: number; city_id: number; category_id: number; operation_type: "sale" | "rent"; area: number; rooms: number; bathrooms: number; finishing_type: "none" | "basic" | "good" | "luxury" | "super_luxury"; ... 26 more ...; marketing_option?: "none" | ... 1 more ... | "agent"; }'.
            Type 'FieldValues' is missing the following properties from type '{ title: string; country_id: number; city_id: number; category_id: number; operation_type: "sale" | "rent"; area: number; rooms: number; bathrooms: number; finishing_type: "none" | "basic" | "good" | "luxury" | "super_luxury"; ... 26 more ...; marketing_option?: "none" | ... 1 more ... | "agent"; }': title, country_id, city_id, category_id, and 6 more.
src/features/profile/components/dialogs/add-property-dialog.tsx(917,21): error TS2322: Type 'Control<{ title: string; country_id: number; city_id: number; category_id: number; operation_type: "sale" | "rent"; area: number; rooms: number; bathrooms: number; finishing_type: "none" | "basic" | "good" | "luxury" | "super_luxury"; ... 26 more ...; marketing_option?: "none" | ... 1 more ... | "agent"; }, any, TFi...' is not assignable to type 'Control<{ title: string; country_id: number; city_id: number; category_id: number; operation_type: "sale" | "rent"; area: number; rooms: number; bathrooms: number; finishing_type: "none" | "basic" | "good" | "luxury" | "super_luxury"; ... 26 more ...; marketing_option?: "none" | ... 1 more ... | "agent"; }, any, { ....'.
  The types returned by '_options.resolver(...)' are incompatible between these types.
    Type 'ResolverResult<{ title: string; country_id: number; city_id: number; category_id: number; operation_type: "sale" | "rent"; area: number; rooms: number; bathrooms: number; finishing_type: "none" | "basic" | "good" | "luxury" | "super_luxury"; ... 26 more ...; marketing_option?: "none" | ... 1 more ... | "agent"; }, T...' is not assignable to type 'ResolverResult<{ title: string; country_id: number; city_id: number; category_id: number; operation_type: "sale" | "rent"; area: number; rooms: number; bathrooms: number; finishing_type: "none" | "basic" | "good" | "luxury" | "super_luxury"; ... 26 more ...; marketing_option?: "none" | ... 1 more ... | "agent"; }, {...'.
      Type 'ResolverSuccess<TFieldValues>' is not assignable to type 'ResolverResult<{ title: string; country_id: number; city_id: number; category_id: number; operation_type: "sale" | "rent"; area: number; rooms: number; bathrooms: number; finishing_type: "none" | "basic" | "good" | "luxury" | "super_luxury"; ... 26 more ...; marketing_option?: "none" | ... 1 more ... | "agent"; }, {...'.
        Type 'ResolverSuccess<TFieldValues>' is not assignable to type 'ResolverSuccess<{ title: string; country_id: number; city_id: number; category_id: number; operation_type: "sale" | "rent"; area: number; rooms: number; bathrooms: number; finishing_type: "none" | "basic" | "good" | "luxury" | "super_luxury"; ... 26 more ...; marketing_option?: "none" | ... 1 more ... | "agent"; }>'.
          Type 'TFieldValues' is not assignable to type '{ title: string; country_id: number; city_id: number; category_id: number; operation_type: "sale" | "rent"; area: number; rooms: number; bathrooms: number; finishing_type: "none" | "basic" | "good" | "luxury" | "super_luxury"; ... 26 more ...; marketing_option?: "none" | ... 1 more ... | "agent"; }'.
            Type 'FieldValues' is missing the following properties from type '{ title: string; country_id: number; city_id: number; category_id: number; operation_type: "sale" | "rent"; area: number; rooms: number; bathrooms: number; finishing_type: "none" | "basic" | "good" | "luxury" | "super_luxury"; ... 26 more ...; marketing_option?: "none" | ... 1 more ... | "agent"; }': title, country_id, city_id, category_id, and 6 more.
src/features/profile/components/dialogs/add-property-dialog.tsx(942,21): error TS2322: Type 'Control<{ title: string; country_id: number; city_id: number; category_id: number; operation_type: "sale" | "rent"; area: number; rooms: number; bathrooms: number; finishing_type: "none" | "basic" | "good" | "luxury" | "super_luxury"; ... 26 more ...; marketing_option?: "none" | ... 1 more ... | "agent"; }, any, TFi...' is not assignable to type 'Control<{ title: string; country_id: number; city_id: number; category_id: number; operation_type: "sale" | "rent"; area: number; rooms: number; bathrooms: number; finishing_type: "none" | "basic" | "good" | "luxury" | "super_luxury"; ... 26 more ...; marketing_option?: "none" | ... 1 more ... | "agent"; }, any, { ....'.
  The types returned by '_options.resolver(...)' are incompatible between these types.
    Type 'ResolverResult<{ title: string; country_id: number; city_id: number; category_id: number; operation_type: "sale" | "rent"; area: number; rooms: number; bathrooms: number; finishing_type: "none" | "basic" | "good" | "luxury" | "super_luxury"; ... 26 more ...; marketing_option?: "none" | ... 1 more ... | "agent"; }, T...' is not assignable to type 'ResolverResult<{ title: string; country_id: number; city_id: number; category_id: number; operation_type: "sale" | "rent"; area: number; rooms: number; bathrooms: number; finishing_type: "none" | "basic" | "good" | "luxury" | "super_luxury"; ... 26 more ...; marketing_option?: "none" | ... 1 more ... | "agent"; }, {...'.
      Type 'ResolverSuccess<TFieldValues>' is not assignable to type 'ResolverResult<{ title: string; country_id: number; city_id: number; category_id: number; operation_type: "sale" | "rent"; area: number; rooms: number; bathrooms: number; finishing_type: "none" | "basic" | "good" | "luxury" | "super_luxury"; ... 26 more ...; marketing_option?: "none" | ... 1 more ... | "agent"; }, {...'.
        Type 'ResolverSuccess<TFieldValues>' is not assignable to type 'ResolverSuccess<{ title: string; country_id: number; city_id: number; category_id: number; operation_type: "sale" | "rent"; area: number; rooms: number; bathrooms: number; finishing_type: "none" | "basic" | "good" | "luxury" | "super_luxury"; ... 26 more ...; marketing_option?: "none" | ... 1 more ... | "agent"; }>'.
          Type 'TFieldValues' is not assignable to type '{ title: string; country_id: number; city_id: number; category_id: number; operation_type: "sale" | "rent"; area: number; rooms: number; bathrooms: number; finishing_type: "none" | "basic" | "good" | "luxury" | "super_luxury"; ... 26 more ...; marketing_option?: "none" | ... 1 more ... | "agent"; }'.
            Type 'FieldValues' is missing the following properties from type '{ title: string; country_id: number; city_id: number; category_id: number; operation_type: "sale" | "rent"; area: number; rooms: number; bathrooms: number; finishing_type: "none" | "basic" | "good" | "luxury" | "super_luxury"; ... 26 more ...; marketing_option?: "none" | ... 1 more ... | "agent"; }': title, country_id, city_id, category_id, and 6 more.
src/features/profile/components/dialogs/add-property-dialog.tsx(972,21): error TS2322: Type 'Control<{ title: string; country_id: number; city_id: number; category_id: number; operation_type: "sale" | "rent"; area: number; rooms: number; bathrooms: number; finishing_type: "none" | "basic" | "good" | "luxury" | "super_luxury"; ... 26 more ...; marketing_option?: "none" | ... 1 more ... | "agent"; }, any, TFi...' is not assignable to type 'Control<{ title: string; country_id: number; city_id: number; category_id: number; operation_type: "sale" | "rent"; area: number; rooms: number; bathrooms: number; finishing_type: "none" | "basic" | "good" | "luxury" | "super_luxury"; ... 26 more ...; marketing_option?: "none" | ... 1 more ... | "agent"; }, any, { ....'.
  The types returned by '_options.resolver(...)' are incompatible between these types.
    Type 'ResolverResult<{ title: string; country_id: number; city_id: number; category_id: number; operation_type: "sale" | "rent"; area: number; rooms: number; bathrooms: number; finishing_type: "none" | "basic" | "good" | "luxury" | "super_luxury"; ... 26 more ...; marketing_option?: "none" | ... 1 more ... | "agent"; }, T...' is not assignable to type 'ResolverResult<{ title: string; country_id: number; city_id: number; category_id: number; operation_type: "sale" | "rent"; area: number; rooms: number; bathrooms: number; finishing_type: "none" | "basic" | "good" | "luxury" | "super_luxury"; ... 26 more ...; marketing_option?: "none" | ... 1 more ... | "agent"; }, {...'.
      Type 'ResolverSuccess<TFieldValues>' is not assignable to type 'ResolverResult<{ title: string; country_id: number; city_id: number; category_id: number; operation_type: "sale" | "rent"; area: number; rooms: number; bathrooms: number; finishing_type: "none" | "basic" | "good" | "luxury" | "super_luxury"; ... 26 more ...; marketing_option?: "none" | ... 1 more ... | "agent"; }, {...'.
        Type 'ResolverSuccess<TFieldValues>' is not assignable to type 'ResolverSuccess<{ title: string; country_id: number; city_id: number; category_id: number; operation_type: "sale" | "rent"; area: number; rooms: number; bathrooms: number; finishing_type: "none" | "basic" | "good" | "luxury" | "super_luxury"; ... 26 more ...; marketing_option?: "none" | ... 1 more ... | "agent"; }>'.
          Type 'TFieldValues' is not assignable to type '{ title: string; country_id: number; city_id: number; category_id: number; operation_type: "sale" | "rent"; area: number; rooms: number; bathrooms: number; finishing_type: "none" | "basic" | "good" | "luxury" | "super_luxury"; ... 26 more ...; marketing_option?: "none" | ... 1 more ... | "agent"; }'.
            Type 'FieldValues' is missing the following properties from type '{ title: string; country_id: number; city_id: number; category_id: number; operation_type: "sale" | "rent"; area: number; rooms: number; bathrooms: number; finishing_type: "none" | "basic" | "good" | "luxury" | "super_luxury"; ... 26 more ...; marketing_option?: "none" | ... 1 more ... | "agent"; }': title, country_id, city_id, category_id, and 6 more.
src/features/profile/components/dialogs/add-property-dialog.tsx(990,21): error TS2322: Type 'Control<{ title: string; country_id: number; city_id: number; category_id: number; operation_type: "sale" | "rent"; area: number; rooms: number; bathrooms: number; finishing_type: "none" | "basic" | "good" | "luxury" | "super_luxury"; ... 26 more ...; marketing_option?: "none" | ... 1 more ... | "agent"; }, any, TFi...' is not assignable to type 'Control<{ title: string; country_id: number; city_id: number; category_id: number; operation_type: "sale" | "rent"; area: number; rooms: number; bathrooms: number; finishing_type: "none" | "basic" | "good" | "luxury" | "super_luxury"; ... 26 more ...; marketing_option?: "none" | ... 1 more ... | "agent"; }, any, { ....'.
  The types returned by '_options.resolver(...)' are incompatible between these types.
    Type 'ResolverResult<{ title: string; country_id: number; city_id: number; category_id: number; operation_type: "sale" | "rent"; area: number; rooms: number; bathrooms: number; finishing_type: "none" | "basic" | "good" | "luxury" | "super_luxury"; ... 26 more ...; marketing_option?: "none" | ... 1 more ... | "agent"; }, T...' is not assignable to type 'ResolverResult<{ title: string; country_id: number; city_id: number; category_id: number; operation_type: "sale" | "rent"; area: number; rooms: number; bathrooms: number; finishing_type: "none" | "basic" | "good" | "luxury" | "super_luxury"; ... 26 more ...; marketing_option?: "none" | ... 1 more ... | "agent"; }, {...'.
      Type 'ResolverSuccess<TFieldValues>' is not assignable to type 'ResolverResult<{ title: string; country_id: number; city_id: number; category_id: number; operation_type: "sale" | "rent"; area: number; rooms: number; bathrooms: number; finishing_type: "none" | "basic" | "good" | "luxury" | "super_luxury"; ... 26 more ...; marketing_option?: "none" | ... 1 more ... | "agent"; }, {...'.
        Type 'ResolverSuccess<TFieldValues>' is not assignable to type 'ResolverSuccess<{ title: string; country_id: number; city_id: number; category_id: number; operation_type: "sale" | "rent"; area: number; rooms: number; bathrooms: number; finishing_type: "none" | "basic" | "good" | "luxury" | "super_luxury"; ... 26 more ...; marketing_option?: "none" | ... 1 more ... | "agent"; }>'.
          Type 'TFieldValues' is not assignable to type '{ title: string; country_id: number; city_id: number; category_id: number; operation_type: "sale" | "rent"; area: number; rooms: number; bathrooms: number; finishing_type: "none" | "basic" | "good" | "luxury" | "super_luxury"; ... 26 more ...; marketing_option?: "none" | ... 1 more ... | "agent"; }'.
            Type 'FieldValues' is missing the following properties from type '{ title: string; country_id: number; city_id: number; category_id: number; operation_type: "sale" | "rent"; area: number; rooms: number; bathrooms: number; finishing_type: "none" | "basic" | "good" | "luxury" | "super_luxury"; ... 26 more ...; marketing_option?: "none" | ... 1 more ... | "agent"; }': title, country_id, city_id, category_id, and 6 more.
src/features/profile/components/dialogs/add-property-dialog.tsx(1008,21): error TS2322: Type 'Control<{ title: string; country_id: number; city_id: number; category_id: number; operation_type: "sale" | "rent"; area: number; rooms: number; bathrooms: number; finishing_type: "none" | "basic" | "good" | "luxury" | "super_luxury"; ... 26 more ...; marketing_option?: "none" | ... 1 more ... | "agent"; }, any, TFi...' is not assignable to type 'Control<{ title: string; country_id: number; city_id: number; category_id: number; operation_type: "sale" | "rent"; area: number; rooms: number; bathrooms: number; finishing_type: "none" | "basic" | "good" | "luxury" | "super_luxury"; ... 26 more ...; marketing_option?: "none" | ... 1 more ... | "agent"; }, any, { ....'.
  The types returned by '_options.resolver(...)' are incompatible between these types.
    Type 'ResolverResult<{ title: string; country_id: number; city_id: number; category_id: number; operation_type: "sale" | "rent"; area: number; rooms: number; bathrooms: number; finishing_type: "none" | "basic" | "good" | "luxury" | "super_luxury"; ... 26 more ...; marketing_option?: "none" | ... 1 more ... | "agent"; }, T...' is not assignable to type 'ResolverResult<{ title: string; country_id: number; city_id: number; category_id: number; operation_type: "sale" | "rent"; area: number; rooms: number; bathrooms: number; finishing_type: "none" | "basic" | "good" | "luxury" | "super_luxury"; ... 26 more ...; marketing_option?: "none" | ... 1 more ... | "agent"; }, {...'.
      Type 'ResolverSuccess<TFieldValues>' is not assignable to type 'ResolverResult<{ title: string; country_id: number; city_id: number; category_id: number; operation_type: "sale" | "rent"; area: number; rooms: number; bathrooms: number; finishing_type: "none" | "basic" | "good" | "luxury" | "super_luxury"; ... 26 more ...; marketing_option?: "none" | ... 1 more ... | "agent"; }, {...'.
        Type 'ResolverSuccess<TFieldValues>' is not assignable to type 'ResolverSuccess<{ title: string; country_id: number; city_id: number; category_id: number; operation_type: "sale" | "rent"; area: number; rooms: number; bathrooms: number; finishing_type: "none" | "basic" | "good" | "luxury" | "super_luxury"; ... 26 more ...; marketing_option?: "none" | ... 1 more ... | "agent"; }>'.
          Type 'TFieldValues' is not assignable to type '{ title: string; country_id: number; city_id: number; category_id: number; operation_type: "sale" | "rent"; area: number; rooms: number; bathrooms: number; finishing_type: "none" | "basic" | "good" | "luxury" | "super_luxury"; ... 26 more ...; marketing_option?: "none" | ... 1 more ... | "agent"; }'.
            Type 'FieldValues' is missing the following properties from type '{ title: string; country_id: number; city_id: number; category_id: number; operation_type: "sale" | "rent"; area: number; rooms: number; bathrooms: number; finishing_type: "none" | "basic" | "good" | "luxury" | "super_luxury"; ... 26 more ...; marketing_option?: "none" | ... 1 more ... | "agent"; }': title, country_id, city_id, category_id, and 6 more.
src/features/profile/components/dialogs/add-property-dialog.tsx(1027,19): error TS2322: Type 'Control<{ title: string; country_id: number; city_id: number; category_id: number; operation_type: "sale" | "rent"; area: number; rooms: number; bathrooms: number; finishing_type: "none" | "basic" | "good" | "luxury" | "super_luxury"; ... 26 more ...; marketing_option?: "none" | ... 1 more ... | "agent"; }, any, TFi...' is not assignable to type 'Control<{ title: string; country_id: number; city_id: number; category_id: number; operation_type: "sale" | "rent"; area: number; rooms: number; bathrooms: number; finishing_type: "none" | "basic" | "good" | "luxury" | "super_luxury"; ... 26 more ...; marketing_option?: "none" | ... 1 more ... | "agent"; }, any, { ....'.
  The types returned by '_options.resolver(...)' are incompatible between these types.
    Type 'ResolverResult<{ title: string; country_id: number; city_id: number; category_id: number; operation_type: "sale" | "rent"; area: number; rooms: number; bathrooms: number; finishing_type: "none" | "basic" | "good" | "luxury" | "super_luxury"; ... 26 more ...; marketing_option?: "none" | ... 1 more ... | "agent"; }, T...' is not assignable to type 'ResolverResult<{ title: string; country_id: number; city_id: number; category_id: number; operation_type: "sale" | "rent"; area: number; rooms: number; bathrooms: number; finishing_type: "none" | "basic" | "good" | "luxury" | "super_luxury"; ... 26 more ...; marketing_option?: "none" | ... 1 more ... | "agent"; }, {...'.
      Type 'ResolverSuccess<TFieldValues>' is not assignable to type 'ResolverResult<{ title: string; country_id: number; city_id: number; category_id: number; operation_type: "sale" | "rent"; area: number; rooms: number; bathrooms: number; finishing_type: "none" | "basic" | "good" | "luxury" | "super_luxury"; ... 26 more ...; marketing_option?: "none" | ... 1 more ... | "agent"; }, {...'.
        Type 'ResolverSuccess<TFieldValues>' is not assignable to type 'ResolverSuccess<{ title: string; country_id: number; city_id: number; category_id: number; operation_type: "sale" | "rent"; area: number; rooms: number; bathrooms: number; finishing_type: "none" | "basic" | "good" | "luxury" | "super_luxury"; ... 26 more ...; marketing_option?: "none" | ... 1 more ... | "agent"; }>'.
          Type 'TFieldValues' is not assignable to type '{ title: string; country_id: number; city_id: number; category_id: number; operation_type: "sale" | "rent"; area: number; rooms: number; bathrooms: number; finishing_type: "none" | "basic" | "good" | "luxury" | "super_luxury"; ... 26 more ...; marketing_option?: "none" | ... 1 more ... | "agent"; }'.
            Type 'FieldValues' is missing the following properties from type '{ title: string; country_id: number; city_id: number; category_id: number; operation_type: "sale" | "rent"; area: number; rooms: number; bathrooms: number; finishing_type: "none" | "basic" | "good" | "luxury" | "super_luxury"; ... 26 more ...; marketing_option?: "none" | ... 1 more ... | "agent"; }': title, country_id, city_id, category_id, and 6 more.
src/features/profile/components/dialogs/add-property-dialog.tsx(1033,26): error TS2741: Property 'className' is missing in type '{ onChange: (...event: any[]) => void; onBlur: Noop; value: string; disabled?: boolean; name: "guarantees"; ref: RefCallBack; }' but required in type '{ [x: string]: any; className: any; }'.
src/features/properties/ui/property-details/property-info.tsx(37,14): error TS2741: Property 'className' is missing in type '{ children: string; }' but required in type '{ [x: string]: any; className: any; variant?: string; asChild?: boolean; }'.
src/features/properties/ui/property-details/property-info.tsx(40,14): error TS2741: Property 'className' is missing in type '{ children: string; variant: string; }' but required in type '{ [x: string]: any; className: any; variant?: string; asChild?: boolean; }'.
src/features/properties/ui/property-details/property-info.tsx(43,14): error TS2741: Property 'className' is missing in type '{ children: string; variant: string; }' but required in type '{ [x: string]: any; className: any; variant?: string; asChild?: boolean; }'.
src/features/properties/ui/property-details/property-info.tsx(57,10): error TS2741: Property 'className' is missing in type '{ children: Element; }' but required in type '{ [x: string]: any; className: any; }'.
src/features/properties/ui/property-details/property-info.tsx(74,8): error TS2741: Property 'className' is missing in type '{ children: Element[]; }' but required in type '{ [x: string]: any; className: any; }'.
src/features/properties/ui/property-details/property-info.tsx(75,10): error TS2741: Property 'className' is missing in type '{ children: Element; }' but required in type '{ [x: string]: any; className: any; }'.
src/features/properties/ui/property-details/property-info.tsx(76,12): error TS2741: Property 'className' is missing in type '{ children: string; }' but required in type '{ [x: string]: any; className: any; }'.
src/features/properties/ui/property-details/property-info.tsx(78,10): error TS2741: Property 'className' is missing in type '{ children: Element; }' but required in type '{ [x: string]: any; className: any; }'.
src/features/properties/ui/property-details/property-info.tsx(128,10): error TS2741: Property 'className' is missing in type '{ children: Element[]; }' but required in type '{ [x: string]: any; className: any; }'.
src/features/properties/ui/property-details/property-info.tsx(129,12): error TS2741: Property 'className' is missing in type '{ children: Element; }' but required in type '{ [x: string]: any; className: any; }'.
src/features/properties/ui/property-details/property-info.tsx(130,14): error TS2741: Property 'className' is missing in type '{ children: string; }' but required in type '{ [x: string]: any; className: any; }'.
src/features/properties/ui/property-details/property-info.tsx(132,12): error TS2741: Property 'className' is missing in type '{ children: Element; }' but required in type '{ [x: string]: any; className: any; }'.
src/features/properties/ui/property-details/property-info.tsx(141,8): error TS2741: Property 'className' is missing in type '{ children: Element[]; }' but required in type '{ [x: string]: any; className: any; }'.
src/features/properties/ui/property-details/property-info.tsx(142,10): error TS2741: Property 'className' is missing in type '{ children: Element; }' but required in type '{ [x: string]: any; className: any; }'.
src/features/properties/ui/property-details/property-info.tsx(143,12): error TS2741: Property 'className' is missing in type '{ children: string; }' but required in type '{ [x: string]: any; className: any; }'.
src/features/properties/ui/property-details/property-info.tsx(145,10): error TS2741: Property 'className' is missing in type '{ children: Element; }' but required in type '{ [x: string]: any; className: any; }'.
src/features/properties/ui/property-details/property-info.tsx(215,10): error TS2741: Property 'className' is missing in type '{ children: Element[]; }' but required in type '{ [x: string]: any; className: any; }'.
src/features/properties/ui/property-details/property-info.tsx(216,12): error TS2741: Property 'className' is missing in type '{ children: Element; }' but required in type '{ [x: string]: any; className: any; }'.
src/features/properties/ui/property-details/property-info.tsx(217,14): error TS2741: Property 'className' is missing in type '{ children: string; }' but required in type '{ [x: string]: any; className: any; }'.
src/features/properties/ui/property-details/property-info.tsx(219,12): error TS2741: Property 'className' is missing in type '{ children: Element; }' but required in type '{ [x: string]: any; className: any; }'.
src/features/properties/ui/property-details/property-info.tsx(222,18): error TS2741: Property 'className' is missing in type '{ children: string; key: number; variant: string; }' but required in type '{ [x: string]: any; className: any; variant?: string; asChild?: boolean; }'.
src/features/properties/ui/property-details/property-info.tsx(235,10): error TS2741: Property 'className' is missing in type '{ children: Element[]; }' but required in type '{ [x: string]: any; className: any; }'.
src/features/properties/ui/property-details/property-info.tsx(236,12): error TS2741: Property 'className' is missing in type '{ children: Element; }' but required in type '{ [x: string]: any; className: any; }'.
src/features/properties/ui/property-details/property-info.tsx(242,12): error TS2741: Property 'className' is missing in type '{ children: Element; }' but required in type '{ [x: string]: any; className: any; }'.
src/features/properties/ui/property-details/property-info.tsx(258,20): error TS2741: Property 'className' is missing in type '{ children: string; variant: string; }' but required in type '{ [x: string]: any; className: any; variant?: string; asChild?: boolean; }'.
src/features/properties/ui/property-details/property-info.tsx(272,20): error TS2741: Property 'className' is missing in type '{ children: string; variant: string; }' but required in type '{ [x: string]: any; className: any; variant?: string; asChild?: boolean; }'.
src/features/properties/ui/property-list/property-card.tsx(96,16): error TS2741: Property 'className' is missing in type '{ children: string; variant: string; }' but required in type '{ [x: string]: any; className: any; variant?: string; asChild?: boolean; }'.
src/features/properties/ui/property-list/property-filters.tsx(47,6): error TS2741: Property 'className' is missing in type '{ children: Element[]; }' but required in type '{ [x: string]: any; className: any; }'.
src/features/properties/ui/property-list/property-filters.tsx(48,8): error TS2741: Property 'className' is missing in type '{ children: Element; }' but required in type '{ [x: string]: any; className: any; }'.
src/features/properties/ui/property-list/property-list.tsx(55,21): error TS2339: Property 'data' does not exist on type 'Property[]'.
src/features/properties/ui/property-list/property-list.tsx(55,34): error TS2339: Property 'data' does not exist on type 'Property[]'.
src/features/properties/ui/property-list/property-list.tsx(59,31): error TS2339: Property 'data' does not exist on type 'Property[]'.
src/features/properties/ui/property-list/property-list.tsx(60,31): error TS2339: Property 'meta' does not exist on type 'Property[]'.
src/features/properties/ui/property-list/property-list.tsx(60,51): error TS2339: Property 'data' does not exist on type 'Property[]'.
src/features/properties/ui/property-list/property-list.tsx(65,23): error TS2339: Property 'data' does not exist on type 'Property[]'.
src/features/properties/ui/property-list/property-list.tsx(71,21): error TS2339: Property 'meta' does not exist on type 'Property[]'.
src/features/properties/ui/property-list/property-list.tsx(71,34): error TS2339: Property 'meta' does not exist on type 'Property[]'.
src/features/properties/ui/property-list/property-list.tsx(75,36): error TS2339: Property 'meta' does not exist on type 'Property[]'.
src/features/properties/ui/property-list/property-list.tsx(77,45): error TS2339: Property 'meta' does not exist on type 'Property[]'.
src/features/properties/ui/property-list/property-list.tsx(84,48): error TS2339: Property 'meta' does not exist on type 'Property[]'.
src/features/properties/ui/property-list/property-list.tsx(88,32): error TS2339: Property 'meta' does not exist on type 'Property[]'.
src/features/properties/ui/property-list/property-list.tsx(102,36): error TS2339: Property 'meta' does not exist on type 'Property[]'.
src/features/properties/ui/property-list/property-list.tsx(102,63): error TS2339: Property 'meta' does not exist on type 'Property[]'.
src/features/properties/ui/property-list/property-list.tsx(104,45): error TS2339: Property 'meta' does not exist on type 'Property[]'.
src/features/settings/hooks/use-settings.ts(17,21): error TS2339: Property 'success' does not exist on type 'Settings'.
src/features/settings/hooks/use-settings.ts(17,42): error TS2339: Property 'data' does not exist on type 'Settings'.
src/features/settings/hooks/use-settings.ts(18,25): error TS2339: Property 'data' does not exist on type 'Settings'.
src/features/USAGE_EXAMPLES.tsx(18,23): error TS2339: Property 'data' does not exist on type 'Blog[]'.
src/features/USAGE_EXAMPLES.tsx(46,33): error TS2304: Cannot find name 'useState'.
src/features/USAGE_EXAMPLES.tsx(57,14): error TS2339: Property 'data' does not exist on type 'Property[]'.
src/features/USAGE_EXAMPLES.tsx(68,44): error TS2339: Property 'getFeatured' does not exist on type '{ getAll(params?: Record<string, any>): Promise<Property[]>; searchProperties(params?: Record<string, any>): Promise<any>; getMarketplaceProperties(params?: Record<...>): Promise<...>; ... 21 more ...; addDeveloperProperty(data: FormData): Promise<...>; }'.
src/features/USAGE_EXAMPLES.tsx(95,7): error TS2304: Cannot find name 'router'.
src/features/USAGE_EXAMPLES.tsx(126,7): error TS2304: Cannot find name 'toast'.
src/features/USAGE_EXAMPLES.tsx(128,7): error TS2304: Cannot find name 'toast'.
src/lib/property-actions.ts(46,9): error TS2353: Object literal may only specify known properties, and 'rawResponse' does not exist in type 'ApiResponse<any>'.
